Retrieving project…
Deploying cutekorea-3280s-projects/tuna-dashboard
Uploading [--------------------] (0.0B/34.7KB)
Uploading [=========-----------] (16.0KB/34.7KB)
Uploading [===============-----] (27.4KB/34.7KB)
Uploading [==================--] (32.0KB/34.7KB)
Uploading [====================] (34.7KB/34.7KB)
Inspect: https://vercel.com/cutekorea-3280s-projects/tuna-dashboard/FLPFjZCiTPeX7AozdPAcNGj4xXDz [3s]
Production: https://tuna-dashboard-obsazrl3e-cutekorea-3280s-projects.vercel.app [3s]
Building...
Building...
Building: Running build in Washington, D.C., USA (East) – iad1
Building: Build machine configuration: 2 cores, 8 GB
Building: Retrieving list of deployment files...
Building: Downloading 1297 deployment files...
Building: Restored build cache from previous deployment (HxuE6BeWwNFWQ1SpGVu9dMfRpTb7)
Building: Running "vercel build"
Building: Vercel CLI 53.3.1
Building: Installing dependencies...
Building: up to date in 1s
Building: 158 packages are looking for funding
Building: run `npm fund` for details
Building: Detected Next.js version: 16.2.1
Building: Running "npm run build"
Building: > tuna-dashboard@0.1.0 build
Building: > next build
Building: Applying modifyConfig from Vercel
Building: ▲ Next.js 16.2.1 (Turbopack)
Building: Creating an optimized production build ...
Building: ✓ Compiled successfully in 26.7s
Building: Skipping validation of types
Building: Finished TypeScript config validation in 12ms ...
Building: Collecting page data using 1 worker ...
Building: Generating static pages using 1 worker (0/43) ...
Building: Generating static pages using 1 worker (10/43)
Building: Generating static pages using 1 worker (21/43)
Building: Generating static pages using 1 worker (32/43)
Building: ✓ Generating static pages using 1 worker (43/43) in 2.6s
Building: Finalizing page optimization ...
Building: Running onBuildComplete from Vercel
Building: Route (app)                         Revalidate  Expire
Building: ┌ ○ /
Building: ├ ○ /_not-found
Building: ├ ƒ /[category]
Building: ├ ƒ /api/carrot/arbitrage
Building: ├ ○ /api/carrot/dashboard                   1h      1y
Building: ├ ƒ /api/carrot/fao
Building: ├ ƒ /api/carrot/kamis
Building: ├ ƒ /api/carrot/trq
Building: ├ ƒ /api/carrot/w1-spread
Building: ├ ○ /api/carrot/w20-phyto                   1h      1y
Building: ├ ƒ /api/cassava
Building: ├ ƒ /api/cassava/arbitrage
Building: ├ ○ /api/cassava/cbot                       1h      1y
Building: ├ ○ /api/cassava/dfi                        1h      1y
Building: ├ ƒ /api/cassava/early-warning
Building: ├ ƒ /api/cassava/esg
Building: ├ ○ /api/cassava/noaa                       1h      1y
Building: ├ ƒ /api/chicken/arbitrage
Building: ├ ƒ /api/chicken/corporates
Building: ├ ƒ /api/chicken/eggs
Building: ├ ƒ /api/chicken/eudr-esg
Building: ├ ƒ /api/chicken/feed-cost
Building: ├ ƒ /api/chicken/global-export
Building: ├ ƒ /api/chicken/global-production
Building: ├ ƒ /api/chicken/parts
Building: ├ ƒ /api/chicken/processing
Building: ├ ƒ /api/chicken/risk-radar
Building: ├ ƒ /api/chicken/trade-shift
Building: ├ ƒ /api/cocoa/dashboard
Building: ├ ƒ /api/consignment
Building: ├ ƒ /api/dart-insight
Building: ├ ƒ /api/exchange
Building: ├ ƒ /api/financial-risk
Building: ├ ƒ /api/fishery
Building: ├ ƒ /api/logistics/congestion
Building: ├ ƒ /api/logistics/freight
Building: ├ ƒ /api/logistics/trader-import
Building: ├ ƒ /api/mangosteen/dashboard
Building: ├ ƒ /api/mgo
Building: ├ ƒ /api/petfood
Building: ├ ƒ /api/salmon/kamis
Building: ├ ƒ /api/shrimp/customs
Building: ├ ƒ /api/shrimp/kamis
Building: ├ ƒ /api/shrimp/krungsri
Building: ├ ƒ /api/shrimp/macro
Building: ├ ○ /api/tuna                               5m      1y
Building: ├ ƒ /api/tuna-live
Building: ├ ƒ /api/tuna-ranching
Building: ├ ƒ /api/typhoon
Building: ├ ƒ /api/used-car
Building: ├ ○ /financial-risk
Building: └ ○ /management
Building: ○  (Static)   prerendered as static content
Building: ƒ  (Dynamic)  server-rendered on demand
Building: Build Completed in /vercel/output [34s]
Building: Deploying outputs...
[2K[1A[2K[GProduction: https://tuna-dashboard-obsazrl3e-cutekorea-3280s-projects.vercel.app [52s]
Completing...
Aliased: https://leedonggun.co.kr [52s]
{
  "status": "ok",
  "deployment": {
    "id": "dpl_FLPFjZCiTPeX7AozdPAcNGj4xXDz",
    "url": "https://tuna-dashboard-obsazrl3e-cutekorea-3280s-projects.vercel.app",
    "inspectorUrl": "https://vercel.com/cutekorea-3280s-projects/tuna-dashboard/FLPFjZCiTPeX7AozdPAcNGj4xXDz",
    "readyState": "READY",
    "target": "production",
    "deploymentApiUrl": "https://api.vercel.com/v13/deployments/dpl_FLPFjZCiTPeX7AozdPAcNGj4xXDz"
  },
  "message": "Deployment tuna-dashboard-obsazrl3e-cutekorea-3280s-projects.vercel.app ready.",
  "next": [
    {
      "command": "vercel inspect tuna-dashboard-obsazrl3e-cutekorea-3280s-projects.vercel.app",
      "when": "Inspect deployment"
    },
    {
      "command": "vercel deploy --prod",
      "when": "Promote to production"
    }
  ]
}
