Retrieving project…
Deploying cutekorea-3280s-projects/tuna-dashboard
Uploading [--------------------] (0.0B/71.9KB)
Uploading [========------------] (32.0KB/71.9KB)
Uploading [==========----------] (37.2KB/71.9KB)
Uploading [===================-] (69.2KB/71.9KB)
Uploading [====================] (71.9KB/71.9KB)
Inspect: https://vercel.com/cutekorea-3280s-projects/tuna-dashboard/G4cmAAfZ5yoUXjwerHPxAymKaMrP [4s]
Production: https://tuna-dashboard-d55bymhb8-cutekorea-3280s-projects.vercel.app [4s]
https://tuna-dashboard-d55bymhb8-cutekorea-3280s-projects.vercel.appBuilding...
Building: Running build in Washington, D.C., USA (East) – iad1
Building: Build machine configuration: 2 cores, 8 GB
Building: Retrieving list of deployment files...
Building: Downloading 1688 deployment files...
Building: Downloading 1688 deployment files...
Building: Restored build cache from previous deployment (FWdyjfWx1dUTaBhmfzXsHtCVCGBS)
Building: Running "vercel build"
Building: Vercel CLI 51.6.1
Building: Installing dependencies...
Building: up to date in 949ms
Building: 150 packages are looking for funding
Building: run `npm fund` for details
Building: Detected Next.js version: 16.2.1
Building: Running "npm run build"
Building: > tuna-dashboard@0.1.0 build
Building: > next build
Building: ⚠ `eslint` configuration in next.config.mjs is no longer supported. See more info here: https://nextjs.org/docs/app/api-reference/cli/next#next-lint-options
Building: ⚠ Invalid next.config.mjs options detected:
Building: ⚠     Unrecognized key(s) in object: 'eslint'
Building: ⚠ See more info here: https://nextjs.org/docs/messages/invalid-next-config
Building: Applying modifyConfig from Vercel
Building: ▲ Next.js 16.2.1 (Turbopack)
Building: Creating an optimized production build ...
Building: ✓ Compiled successfully in 24.4s
Building: Skipping validation of types
Building: Finished TypeScript config validation in 25ms ...
Building: Collecting page data using 1 worker ...
Building: Generating static pages using 1 worker (0/8) ...
Building: Generating static pages using 1 worker (2/8)
Building: Generating static pages using 1 worker (4/8)
Building: Generating static pages using 1 worker (6/8)
Building: ✓ Generating static pages using 1 worker (8/8) in 395ms
Building: Finalizing page optimization ...
Building: Running onBuildComplete from Vercel
Building: Route (app)
Building: ┌ ○ /
Building: ├ ○ /_not-found
Building: ├ ƒ /[category]
Building: ├ ƒ /api/dart-insight
Building: ├ ƒ /api/exchange
Building: ├ ƒ /api/financial-risk
Building: ├ ƒ /api/mgo
Building: ├ ƒ /api/typhoon
Building: ├ ○ /financial-risk
Building: └ ○ /management
Building: ○  (Static)   prerendered as static content
Building: ƒ  (Dynamic)  server-rendered on demand
Building: Build Completed in /vercel/output [29s]
Building: Deploying outputs...
Building: Deployment completed
Building: Creating build cache...
[2K[1A[2K[GProduction: https://tuna-dashboard-d55bymhb8-cutekorea-3280s-projects.vercel.app [2m]
Completing...
Aliased: https://tuna-dashboard-kappa.vercel.app [2m]

Common next commands:
- `vercel inspect tuna-dashboard-d55bymhb8-cutekorea-3280s-projects.vercel.app --logs`
- `vercel redeploy tuna-dashboard-d55bymhb8-cutekorea-3280s-projects.vercel.app`
> Tip: Run `npx plugins add vercel/vercel-plugin` to enhance your agent experience
