components/CarrotDashboard.tsx(3,8): error TS1259: Module '"/Users/idong-geon/\u110B\u1167\u11AB\u1100\u116E\u110C\u1161\u1103\u1169\u11BC\u1112\u116A\u110B\u1162\u110B\u1175\u110C\u1165\u11AB\u1110\u1173\u1103\u1173\u11AF/tuna-dashboard/node_modules/@types/react/index"' can only be default-imported using the 'esModuleInterop' flag
components/CarrotDashboard.tsx(17,37): error TS6142: Module './SafeResponsiveContainer' was resolved to '/Users/idong-geon/연구자동화애이전트들/tuna-dashboard/components/SafeResponsiveContainer.tsx', but '--jsx' is not set.
components/CarrotDashboard.tsx(18,20): error TS2307: Cannot find module './MackerelStrategy.module.css' or its corresponding type declarations.
components/CarrotDashboard.tsx(23,25): error TS6142: Module './TakeawayBox' was resolved to '/Users/idong-geon/연구자동화애이전트들/tuna-dashboard/components/TakeawayBox.tsx', but '--jsx' is not set.
components/CarrotDashboard.tsx(39,7): error TS17004: Cannot use JSX unless the '--jsx' flag is provided.
components/CarrotDashboard.tsx(40,9): error TS17004: Cannot use JSX unless the '--jsx' flag is provided.
components/CarrotDashboard.tsx(41,9): error TS17004: Cannot use JSX unless the '--jsx' flag is provided.
components/CarrotDashboard.tsx(42,9): error TS17004: Cannot use JSX unless the '--jsx' flag is provided.
components/CarrotDashboard.tsx(46,10): error TS17004: Cannot use JSX unless the '--jsx' flag is provided.
components/CarrotDashboard.tsx(52,7): error TS17004: Cannot use JSX unless the '--jsx' flag is provided.
components/CarrotDashboard.tsx(53,9): error TS17004: Cannot use JSX unless the '--jsx' flag is provided.
components/CarrotDashboard.tsx(55,11): error TS17004: Cannot use JSX unless the '--jsx' flag is provided.
components/CarrotDashboard.tsx(56,13): error TS17004: Cannot use JSX unless the '--jsx' flag is provided.
components/CarrotDashboard.tsx(57,13): error TS17004: Cannot use JSX unless the '--jsx' flag is provided.
components/CarrotDashboard.tsx(98,3): error TS17004: Cannot use JSX unless the '--jsx' flag is provided.
components/CarrotDashboard.tsx(232,16): error TS17004: Cannot use JSX unless the '--jsx' flag is provided.
components/CarrotDashboard.tsx(237,5): error TS17004: Cannot use JSX unless the '--jsx' flag is provided.
components/CarrotDashboard.tsx(240,7): error TS17004: Cannot use JSX unless the '--jsx' flag is provided.
components/CarrotDashboard.tsx(241,9): error TS17004: Cannot use JSX unless the '--jsx' flag is provided.
components/CarrotDashboard.tsx(242,11): error TS17004: Cannot use JSX unless the '--jsx' flag is provided.
components/CarrotDashboard.tsx(243,13): error TS17004: Cannot use JSX unless the '--jsx' flag is provided.
components/CarrotDashboard.tsx(244,15): error TS17004: Cannot use JSX unless the '--jsx' flag is provided.
components/CarrotDashboard.tsx(246,13): error TS17004: Cannot use JSX unless the '--jsx' flag is provided.
components/CarrotDashboard.tsx(247,15): error TS17004: Cannot use JSX unless the '--jsx' flag is provided.
components/CarrotDashboard.tsx(250,15): error TS17004: Cannot use JSX unless the '--jsx' flag is provided.
components/CarrotDashboard.tsx(253,11): error TS17004: Cannot use JSX unless the '--jsx' flag is provided.
components/CarrotDashboard.tsx(254,13): error TS17004: Cannot use JSX unless the '--jsx' flag is provided.
components/CarrotDashboard.tsx(255,13): error TS17004: Cannot use JSX unless the '--jsx' flag is provided.
components/CarrotDashboard.tsx(255,26): error TS17004: Cannot use JSX unless the '--jsx' flag is provided.
components/CarrotDashboard.tsx(256,13): error TS17004: Cannot use JSX unless the '--jsx' flag is provided.
components/CarrotDashboard.tsx(257,13): error TS17004: Cannot use JSX unless the '--jsx' flag is provided.
components/CarrotDashboard.tsx(264,9): error TS17004: Cannot use JSX unless the '--jsx' flag is provided.
components/CarrotDashboard.tsx(266,11): error TS17004: Cannot use JSX unless the '--jsx' flag is provided.
components/CarrotDashboard.tsx(267,13): error TS17004: Cannot use JSX unless the '--jsx' flag is provided.
components/CarrotDashboard.tsx(268,15): error TS17004: Cannot use JSX unless the '--jsx' flag is provided.
components/CarrotDashboard.tsx(268,139): error TS17004: Cannot use JSX unless the '--jsx' flag is provided.
components/CarrotDashboard.tsx(269,15): error TS17004: Cannot use JSX unless the '--jsx' flag is provided.
components/CarrotDashboard.tsx(272,15): error TS17004: Cannot use JSX unless the '--jsx' flag is provided.
components/CarrotDashboard.tsx(273,17): error TS17004: Cannot use JSX unless the '--jsx' flag is provided.
components/CarrotDashboard.tsx(274,19): error TS17004: Cannot use JSX unless the '--jsx' flag is provided.
components/CarrotDashboard.tsx(275,19): error TS17004: Cannot use JSX unless the '--jsx' flag is provided.
components/CarrotDashboard.tsx(276,22): error TS17004: Cannot use JSX unless the '--jsx' flag is provided.
components/CarrotDashboard.tsx(278,19): error TS17004: Cannot use JSX unless the '--jsx' flag is provided.
components/CarrotDashboard.tsx(280,17): error TS17004: Cannot use JSX unless the '--jsx' flag is provided.
components/CarrotDashboard.tsx(281,19): error TS17004: Cannot use JSX unless the '--jsx' flag is provided.
components/CarrotDashboard.tsx(282,19): error TS17004: Cannot use JSX unless the '--jsx' flag is provided.
components/CarrotDashboard.tsx(286,15): error TS17004: Cannot use JSX unless the '--jsx' flag is provided.
components/CarrotDashboard.tsx(291,11): error TS17004: Cannot use JSX unless the '--jsx' flag is provided.
components/CarrotDashboard.tsx(292,13): error TS17004: Cannot use JSX unless the '--jsx' flag is provided.
components/CarrotDashboard.tsx(293,15): error TS17004: Cannot use JSX unless the '--jsx' flag is provided.
components/CarrotDashboard.tsx(293,139): error TS17004: Cannot use JSX unless the '--jsx' flag is provided.
components/CarrotDashboard.tsx(295,17): error TS17004: Cannot use JSX unless the '--jsx' flag is provided.
components/CarrotDashboard.tsx(296,19): error TS17004: Cannot use JSX unless the '--jsx' flag is provided.
components/CarrotDashboard.tsx(301,15): error TS17004: Cannot use JSX unless the '--jsx' flag is provided.
components/CarrotDashboard.tsx(302,17): error TS17004: Cannot use JSX unless the '--jsx' flag is provided.
components/CarrotDashboard.tsx(303,19): error TS17004: Cannot use JSX unless the '--jsx' flag is provided.
components/CarrotDashboard.tsx(304,19): error TS17004: Cannot use JSX unless the '--jsx' flag is provided.
components/CarrotDashboard.tsx(304,30): error TS17004: Cannot use JSX unless the '--jsx' flag is provided.
components/CarrotDashboard.tsx(306,17): error TS17004: Cannot use JSX unless the '--jsx' flag is provided.
components/CarrotDashboard.tsx(307,19): error TS17004: Cannot use JSX unless the '--jsx' flag is provided.
components/CarrotDashboard.tsx(310,19): error TS17004: Cannot use JSX unless the '--jsx' flag is provided.
components/CarrotDashboard.tsx(311,21): error TS17004: Cannot use JSX unless the '--jsx' flag is provided.
components/CarrotDashboard.tsx(316,15): error TS17004: Cannot use JSX unless the '--jsx' flag is provided.
components/CarrotDashboard.tsx(323,7): error TS17004: Cannot use JSX unless the '--jsx' flag is provided.
components/CarrotDashboard.tsx(324,9): error TS17004: Cannot use JSX unless the '--jsx' flag is provided.
components/CarrotDashboard.tsx(325,11): error TS17004: Cannot use JSX unless the '--jsx' flag is provided.
components/CarrotDashboard.tsx(327,9): error TS17004: Cannot use JSX unless the '--jsx' flag is provided.
components/CarrotDashboard.tsx(328,11): error TS17004: Cannot use JSX unless the '--jsx' flag is provided.
components/CarrotDashboard.tsx(329,13): error TS17004: Cannot use JSX unless the '--jsx' flag is provided.
components/CarrotDashboard.tsx(330,15): error TS17004: Cannot use JSX unless the '--jsx' flag is provided.
components/CarrotDashboard.tsx(332,13): error TS17004: Cannot use JSX unless the '--jsx' flag is provided.
components/CarrotDashboard.tsx(333,84): error TS17004: Cannot use JSX unless the '--jsx' flag is provided.
components/CarrotDashboard.tsx(336,11): error TS17004: Cannot use JSX unless the '--jsx' flag is provided.
components/CarrotDashboard.tsx(337,13): error TS17004: Cannot use JSX unless the '--jsx' flag is provided.
components/CarrotDashboard.tsx(338,15): error TS17004: Cannot use JSX unless the '--jsx' flag is provided.
components/CarrotDashboard.tsx(340,13): error TS17004: Cannot use JSX unless the '--jsx' flag is provided.
components/CarrotDashboard.tsx(341,63): error TS17004: Cannot use JSX unless the '--jsx' flag is provided.
components/CarrotDashboard.tsx(344,11): error TS17004: Cannot use JSX unless the '--jsx' flag is provided.
components/CarrotDashboard.tsx(345,13): error TS17004: Cannot use JSX unless the '--jsx' flag is provided.
components/CarrotDashboard.tsx(346,15): error TS17004: Cannot use JSX unless the '--jsx' flag is provided.
components/CarrotDashboard.tsx(348,13): error TS17004: Cannot use JSX unless the '--jsx' flag is provided.
components/CarrotDashboard.tsx(349,105): error TS17004: Cannot use JSX unless the '--jsx' flag is provided.
components/CarrotDashboard.tsx(356,7): error TS17004: Cannot use JSX unless the '--jsx' flag is provided.
components/CarrotDashboard.tsx(360,13): error TS17004: Cannot use JSX unless the '--jsx' flag is provided.
components/CarrotDashboard.tsx(365,15): error TS17004: Cannot use JSX unless the '--jsx' flag is provided.
components/CarrotDashboard.tsx(366,17): error TS17004: Cannot use JSX unless the '--jsx' flag is provided.
components/CarrotDashboard.tsx(367,17): error TS17004: Cannot use JSX unless the '--jsx' flag is provided.
components/CarrotDashboard.tsx(369,15): error TS17004: Cannot use JSX unless the '--jsx' flag is provided.
components/CarrotDashboard.tsx(372,15): error TS17004: Cannot use JSX unless the '--jsx' flag is provided.
components/CarrotDashboard.tsx(373,17): error TS17004: Cannot use JSX unless the '--jsx' flag is provided.
components/CarrotDashboard.tsx(374,17): error TS17004: Cannot use JSX unless the '--jsx' flag is provided.
components/CarrotDashboard.tsx(382,7): error TS17004: Cannot use JSX unless the '--jsx' flag is provided.
components/CarrotDashboard.tsx(383,9): error TS17004: Cannot use JSX unless the '--jsx' flag is provided.
components/CarrotDashboard.tsx(387,11): error TS17004: Cannot use JSX unless the '--jsx' flag is provided.
components/CarrotDashboard.tsx(388,13): error TS17004: Cannot use JSX unless the '--jsx' flag is provided.
components/CarrotDashboard.tsx(389,13): error TS17004: Cannot use JSX unless the '--jsx' flag is provided.
components/CarrotDashboard.tsx(390,15): error TS17004: Cannot use JSX unless the '--jsx' flag is provided.
components/CarrotDashboard.tsx(391,15): error TS17004: Cannot use JSX unless the '--jsx' flag is provided.
components/CarrotDashboard.tsx(394,11): error TS17004: Cannot use JSX unless the '--jsx' flag is provided.
components/CarrotDashboard.tsx(395,13): error TS17004: Cannot use JSX unless the '--jsx' flag is provided.
components/CarrotDashboard.tsx(395,120): error TS17004: Cannot use JSX unless the '--jsx' flag is provided.
components/CarrotDashboard.tsx(399,11): error TS17004: Cannot use JSX unless the '--jsx' flag is provided.
components/CarrotDashboard.tsx(400,13): error TS17004: Cannot use JSX unless the '--jsx' flag is provided.
components/CarrotDashboard.tsx(401,15): error TS17004: Cannot use JSX unless the '--jsx' flag is provided.
components/CarrotDashboard.tsx(402,17): error TS17004: Cannot use JSX unless the '--jsx' flag is provided.
components/CarrotDashboard.tsx(403,19): error TS17004: Cannot use JSX unless the '--jsx' flag is provided.
components/CarrotDashboard.tsx(405,17): error TS17004: Cannot use JSX unless the '--jsx' flag is provided.
components/CarrotDashboard.tsx(406,19): error TS17004: Cannot use JSX unless the '--jsx' flag is provided.
components/CarrotDashboard.tsx(406,134): error TS17004: Cannot use JSX unless the '--jsx' flag is provided.
components/CarrotDashboard.tsx(407,19): error TS17004: Cannot use JSX unless the '--jsx' flag is provided.
components/CarrotDashboard.tsx(407,147): error TS17004: Cannot use JSX unless the '--jsx' flag is provided.
components/CarrotDashboard.tsx(408,19): error TS17004: Cannot use JSX unless the '--jsx' flag is provided.
components/CarrotDashboard.tsx(411,15): error TS17004: Cannot use JSX unless the '--jsx' flag is provided.
components/CarrotDashboard.tsx(412,17): error TS17004: Cannot use JSX unless the '--jsx' flag is provided.
components/CarrotDashboard.tsx(413,19): error TS17004: Cannot use JSX unless the '--jsx' flag is provided.
components/CarrotDashboard.tsx(415,17): error TS17004: Cannot use JSX unless the '--jsx' flag is provided.
components/CarrotDashboard.tsx(416,19): error TS17004: Cannot use JSX unless the '--jsx' flag is provided.
components/CarrotDashboard.tsx(416,23): error TS17004: Cannot use JSX unless the '--jsx' flag is provided.
components/CarrotDashboard.tsx(417,19): error TS17004: Cannot use JSX unless the '--jsx' flag is provided.
components/CarrotDashboard.tsx(417,23): error TS17004: Cannot use JSX unless the '--jsx' flag is provided.
components/CarrotDashboard.tsx(418,19): error TS17004: Cannot use JSX unless the '--jsx' flag is provided.
components/CarrotDashboard.tsx(418,23): error TS17004: Cannot use JSX unless the '--jsx' flag is provided.
components/CarrotDashboard.tsx(422,13): error TS17004: Cannot use JSX unless the '--jsx' flag is provided.
components/CarrotDashboard.tsx(425,15): error TS17004: Cannot use JSX unless the '--jsx' flag is provided.
components/CarrotDashboard.tsx(426,17): error TS17004: Cannot use JSX unless the '--jsx' flag is provided.
components/CarrotDashboard.tsx(426,155): error TS17004: Cannot use JSX unless the '--jsx' flag is provided.
components/CarrotDashboard.tsx(427,17): error TS17004: Cannot use JSX unless the '--jsx' flag is provided.
components/CarrotDashboard.tsx(428,19): error TS17004: Cannot use JSX unless the '--jsx' flag is provided.
components/CarrotDashboard.tsx(428,117): error TS17004: Cannot use JSX unless the '--jsx' flag is provided.
components/CarrotDashboard.tsx(431,15): error TS17004: Cannot use JSX unless the '--jsx' flag is provided.
components/CarrotDashboard.tsx(436,17): error TS17004: Cannot use JSX unless the '--jsx' flag is provided.
components/CarrotDashboard.tsx(448,7): error TS17004: Cannot use JSX unless the '--jsx' flag is provided.
components/CarrotDashboard.tsx(449,9): error TS17004: Cannot use JSX unless the '--jsx' flag is provided.
components/CarrotDashboard.tsx(450,11): error TS17004: Cannot use JSX unless the '--jsx' flag is provided.
components/CarrotDashboard.tsx(451,13): error TS17004: Cannot use JSX unless the '--jsx' flag is provided.
components/CarrotDashboard.tsx(453,11): error TS17004: Cannot use JSX unless the '--jsx' flag is provided.
components/CarrotDashboard.tsx(454,13): error TS17004: Cannot use JSX unless the '--jsx' flag is provided.
components/CarrotDashboard.tsx(455,13): error TS17004: Cannot use JSX unless the '--jsx' flag is provided.
components/CarrotDashboard.tsx(459,9): error TS17004: Cannot use JSX unless the '--jsx' flag is provided.
components/CarrotDashboard.tsx(461,11): error TS17004: Cannot use JSX unless the '--jsx' flag is provided.
components/CarrotDashboard.tsx(462,13): error TS17004: Cannot use JSX unless the '--jsx' flag is provided.
components/CarrotDashboard.tsx(463,15): error TS17004: Cannot use JSX unless the '--jsx' flag is provided.
components/CarrotDashboard.tsx(464,15): error TS17004: Cannot use JSX unless the '--jsx' flag is provided.
components/CarrotDashboard.tsx(466,13): error TS17004: Cannot use JSX unless the '--jsx' flag is provided.
components/CarrotDashboard.tsx(471,13): error TS17004: Cannot use JSX unless the '--jsx' flag is provided.
components/CarrotDashboard.tsx(471,98): error TS17004: Cannot use JSX unless the '--jsx' flag is provided.
components/CarrotDashboard.tsx(475,11): error TS17004: Cannot use JSX unless the '--jsx' flag is provided.
components/CarrotDashboard.tsx(476,13): error TS17004: Cannot use JSX unless the '--jsx' flag is provided.
components/CarrotDashboard.tsx(477,15): error TS17004: Cannot use JSX unless the '--jsx' flag is provided.
components/CarrotDashboard.tsx(478,15): error TS17004: Cannot use JSX unless the '--jsx' flag is provided.
components/CarrotDashboard.tsx(480,13): error TS17004: Cannot use JSX unless the '--jsx' flag is provided.
components/CarrotDashboard.tsx(485,13): error TS17004: Cannot use JSX unless the '--jsx' flag is provided.
components/CarrotDashboard.tsx(485,97): error TS17004: Cannot use JSX unless the '--jsx' flag is provided.
components/CarrotDashboard.tsx(489,11): error TS17004: Cannot use JSX unless the '--jsx' flag is provided.
components/CarrotDashboard.tsx(490,13): error TS17004: Cannot use JSX unless the '--jsx' flag is provided.
components/CarrotDashboard.tsx(491,15): error TS17004: Cannot use JSX unless the '--jsx' flag is provided.
components/CarrotDashboard.tsx(492,15): error TS17004: Cannot use JSX unless the '--jsx' flag is provided.
components/CarrotDashboard.tsx(494,13): error TS17004: Cannot use JSX unless the '--jsx' flag is provided.
components/CarrotDashboard.tsx(499,13): error TS17004: Cannot use JSX unless the '--jsx' flag is provided.
components/CarrotDashboard.tsx(499,93): error TS17004: Cannot use JSX unless the '--jsx' flag is provided.
components/CarrotDashboard.tsx(505,7): error TS17004: Cannot use JSX unless the '--jsx' flag is provided.
components/CarrotDashboard.tsx(506,9): error TS17004: Cannot use JSX unless the '--jsx' flag is provided.
components/CarrotDashboard.tsx(507,9): error TS17004: Cannot use JSX unless the '--jsx' flag is provided.
components/CarrotDashboard.tsx(508,11): error TS17004: Cannot use JSX unless the '--jsx' flag is provided.
components/CarrotDashboard.tsx(509,11): error TS17004: Cannot use JSX unless the '--jsx' flag is provided.
components/CarrotDashboard.tsx(512,7): error TS17004: Cannot use JSX unless the '--jsx' flag is provided.
components/CarrotDashboard.tsx(514,9): error TS17004: Cannot use JSX unless the '--jsx' flag is provided.
components/CarrotDashboard.tsx(515,11): error TS17004: Cannot use JSX unless the '--jsx' flag is provided.
components/CarrotDashboard.tsx(516,13): error TS17004: Cannot use JSX unless the '--jsx' flag is provided.
components/CarrotDashboard.tsx(517,15): error TS17004: Cannot use JSX unless the '--jsx' flag is provided.
components/CarrotDashboard.tsx(518,15): error TS17004: Cannot use JSX unless the '--jsx' flag is provided.
components/CarrotDashboard.tsx(519,15): error TS17004: Cannot use JSX unless the '--jsx' flag is provided.
components/CarrotDashboard.tsx(524,11): error TS17004: Cannot use JSX unless the '--jsx' flag is provided.
components/CarrotDashboard.tsx(525,13): error TS17004: Cannot use JSX unless the '--jsx' flag is provided.
components/CarrotDashboard.tsx(525,14): error TS2741: Property 'children' is missing in type '{ data: any[]; }' but required in type '{ data: any; children: React.ReactNode; }'.
components/CarrotDashboard.tsx(526,13): error TS17004: Cannot use JSX unless the '--jsx' flag is provided.
components/CarrotDashboard.tsx(527,15): error TS17004: Cannot use JSX unless the '--jsx' flag is provided.
components/CarrotDashboard.tsx(529,17): error TS17004: Cannot use JSX unless the '--jsx' flag is provided.
components/CarrotDashboard.tsx(530,17): error TS17004: Cannot use JSX unless the '--jsx' flag is provided.
components/CarrotDashboard.tsx(531,17): error TS17004: Cannot use JSX unless the '--jsx' flag is provided.
components/CarrotDashboard.tsx(532,17): error TS17004: Cannot use JSX unless the '--jsx' flag is provided.
components/CarrotDashboard.tsx(532,43): error TS17004: Cannot use JSX unless the '--jsx' flag is provided.
components/CarrotDashboard.tsx(533,17): error TS17004: Cannot use JSX unless the '--jsx' flag is provided.
components/CarrotDashboard.tsx(534,17): error TS17004: Cannot use JSX unless the '--jsx' flag is provided.
components/CarrotDashboard.tsx(535,17): error TS17004: Cannot use JSX unless the '--jsx' flag is provided.
components/CarrotDashboard.tsx(536,17): error TS17004: Cannot use JSX unless the '--jsx' flag is provided.
components/CarrotDashboard.tsx(537,17): error TS17004: Cannot use JSX unless the '--jsx' flag is provided.
components/CarrotDashboard.tsx(542,11): error TS17004: Cannot use JSX unless the '--jsx' flag is provided.
components/CarrotDashboard.tsx(543,13): error TS17004: Cannot use JSX unless the '--jsx' flag is provided.
components/CarrotDashboard.tsx(552,9): error TS17004: Cannot use JSX unless the '--jsx' flag is provided.
components/CarrotDashboard.tsx(553,11): error TS17004: Cannot use JSX unless the '--jsx' flag is provided.
components/CarrotDashboard.tsx(554,13): error TS17004: Cannot use JSX unless the '--jsx' flag is provided.
components/CarrotDashboard.tsx(555,15): error TS17004: Cannot use JSX unless the '--jsx' flag is provided.
components/CarrotDashboard.tsx(556,15): error TS17004: Cannot use JSX unless the '--jsx' flag is provided.
components/CarrotDashboard.tsx(557,15): error TS17004: Cannot use JSX unless the '--jsx' flag is provided.
components/CarrotDashboard.tsx(558,17): error TS17004: Cannot use JSX unless the '--jsx' flag is provided.
components/CarrotDashboard.tsx(563,11): error TS17004: Cannot use JSX unless the '--jsx' flag is provided.
components/CarrotDashboard.tsx(564,13): error TS17004: Cannot use JSX unless the '--jsx' flag is provided.
components/CarrotDashboard.tsx(564,14): error TS2741: Property 'children' is missing in type '{ data: any[]; }' but required in type '{ data: any; children: React.ReactNode; }'.
components/CarrotDashboard.tsx(565,13): error TS17004: Cannot use JSX unless the '--jsx' flag is provided.
components/CarrotDashboard.tsx(566,15): error TS17004: Cannot use JSX unless the '--jsx' flag is provided.
components/CarrotDashboard.tsx(567,17): error TS17004: Cannot use JSX unless the '--jsx' flag is provided.
components/CarrotDashboard.tsx(568,19): error TS17004: Cannot use JSX unless the '--jsx' flag is provided.
components/CarrotDashboard.tsx(568,79): error TS17004: Cannot use JSX unless the '--jsx' flag is provided.
components/CarrotDashboard.tsx(568,136): error TS17004: Cannot use JSX unless the '--jsx' flag is provided.
components/CarrotDashboard.tsx(569,19): error TS17004: Cannot use JSX unless the '--jsx' flag is provided.
components/CarrotDashboard.tsx(569,79): error TS17004: Cannot use JSX unless the '--jsx' flag is provided.
components/CarrotDashboard.tsx(569,136): error TS17004: Cannot use JSX unless the '--jsx' flag is provided.
components/CarrotDashboard.tsx(570,19): error TS17004: Cannot use JSX unless the '--jsx' flag is provided.
components/CarrotDashboard.tsx(570,82): error TS17004: Cannot use JSX unless the '--jsx' flag is provided.
components/CarrotDashboard.tsx(570,139): error TS17004: Cannot use JSX unless the '--jsx' flag is provided.
components/CarrotDashboard.tsx(573,17): error TS17004: Cannot use JSX unless the '--jsx' flag is provided.
components/CarrotDashboard.tsx(574,17): error TS17004: Cannot use JSX unless the '--jsx' flag is provided.
components/CarrotDashboard.tsx(575,17): error TS17004: Cannot use JSX unless the '--jsx' flag is provided.
components/CarrotDashboard.tsx(575,43): error TS17004: Cannot use JSX unless the '--jsx' flag is provided.
components/CarrotDashboard.tsx(576,17): error TS17004: Cannot use JSX unless the '--jsx' flag is provided.
components/CarrotDashboard.tsx(577,17): error TS17004: Cannot use JSX unless the '--jsx' flag is provided.
components/CarrotDashboard.tsx(578,17): error TS17004: Cannot use JSX unless the '--jsx' flag is provided.
components/CarrotDashboard.tsx(579,17): error TS17004: Cannot use JSX unless the '--jsx' flag is provided.
components/CarrotDashboard.tsx(584,11): error TS17004: Cannot use JSX unless the '--jsx' flag is provided.
components/CarrotDashboard.tsx(585,13): error TS17004: Cannot use JSX unless the '--jsx' flag is provided.
components/CarrotDashboard.tsx(594,9): error TS17004: Cannot use JSX unless the '--jsx' flag is provided.
components/CarrotDashboard.tsx(595,11): error TS17004: Cannot use JSX unless the '--jsx' flag is provided.
components/CarrotDashboard.tsx(596,13): error TS17004: Cannot use JSX unless the '--jsx' flag is provided.
components/CarrotDashboard.tsx(597,15): error TS17004: Cannot use JSX unless the '--jsx' flag is provided.
components/CarrotDashboard.tsx(598,15): error TS17004: Cannot use JSX unless the '--jsx' flag is provided.
components/CarrotDashboard.tsx(599,15): error TS17004: Cannot use JSX unless the '--jsx' flag is provided.
components/CarrotDashboard.tsx(600,17): error TS17004: Cannot use JSX unless the '--jsx' flag is provided.
components/CarrotDashboard.tsx(605,11): error TS17004: Cannot use JSX unless the '--jsx' flag is provided.
components/CarrotDashboard.tsx(606,13): error TS17004: Cannot use JSX unless the '--jsx' flag is provided.
components/CarrotDashboard.tsx(606,14): error TS2741: Property 'children' is missing in type '{ data: any[]; }' but required in type '{ data: any; children: React.ReactNode; }'.
components/CarrotDashboard.tsx(607,13): error TS17004: Cannot use JSX unless the '--jsx' flag is provided.
components/CarrotDashboard.tsx(608,15): error TS17004: Cannot use JSX unless the '--jsx' flag is provided.
components/CarrotDashboard.tsx(609,17): error TS17004: Cannot use JSX unless the '--jsx' flag is provided.
components/CarrotDashboard.tsx(610,19): error TS17004: Cannot use JSX unless the '--jsx' flag is provided.
components/CarrotDashboard.tsx(610,83): error TS17004: Cannot use JSX unless the '--jsx' flag is provided.
components/CarrotDashboard.tsx(610,140): error TS17004: Cannot use JSX unless the '--jsx' flag is provided.
components/CarrotDashboard.tsx(611,19): error TS17004: Cannot use JSX unless the '--jsx' flag is provided.
components/CarrotDashboard.tsx(611,86): error TS17004: Cannot use JSX unless the '--jsx' flag is provided.
components/CarrotDashboard.tsx(611,143): error TS17004: Cannot use JSX unless the '--jsx' flag is provided.
components/CarrotDashboard.tsx(612,19): error TS17004: Cannot use JSX unless the '--jsx' flag is provided.
components/CarrotDashboard.tsx(612,81): error TS17004: Cannot use JSX unless the '--jsx' flag is provided.
components/CarrotDashboard.tsx(612,138): error TS17004: Cannot use JSX unless the '--jsx' flag is provided.
components/CarrotDashboard.tsx(615,17): error TS17004: Cannot use JSX unless the '--jsx' flag is provided.
components/CarrotDashboard.tsx(616,17): error TS17004: Cannot use JSX unless the '--jsx' flag is provided.
components/CarrotDashboard.tsx(617,17): error TS17004: Cannot use JSX unless the '--jsx' flag is provided.
components/CarrotDashboard.tsx(617,43): error TS17004: Cannot use JSX unless the '--jsx' flag is provided.
components/CarrotDashboard.tsx(618,17): error TS17004: Cannot use JSX unless the '--jsx' flag is provided.
components/CarrotDashboard.tsx(619,17): error TS17004: Cannot use JSX unless the '--jsx' flag is provided.
components/CarrotDashboard.tsx(620,17): error TS17004: Cannot use JSX unless the '--jsx' flag is provided.
components/CarrotDashboard.tsx(621,17): error TS17004: Cannot use JSX unless the '--jsx' flag is provided.
components/CarrotDashboard.tsx(626,11): error TS17004: Cannot use JSX unless the '--jsx' flag is provided.
components/CarrotDashboard.tsx(627,13): error TS17004: Cannot use JSX unless the '--jsx' flag is provided.
components/CarrotDashboard.tsx(635,9): error TS17004: Cannot use JSX unless the '--jsx' flag is provided.
components/CarrotDashboard.tsx(636,11): error TS17004: Cannot use JSX unless the '--jsx' flag is provided.
components/CarrotDashboard.tsx(637,13): error TS17004: Cannot use JSX unless the '--jsx' flag is provided.
components/CarrotDashboard.tsx(638,15): error TS17004: Cannot use JSX unless the '--jsx' flag is provided.
components/CarrotDashboard.tsx(639,15): error TS17004: Cannot use JSX unless the '--jsx' flag is provided.
components/CarrotDashboard.tsx(640,15): error TS17004: Cannot use JSX unless the '--jsx' flag is provided.
components/CarrotDashboard.tsx(645,11): error TS17004: Cannot use JSX unless the '--jsx' flag is provided.
components/CarrotDashboard.tsx(646,13): error TS17004: Cannot use JSX unless the '--jsx' flag is provided.
components/CarrotDashboard.tsx(646,14): error TS2741: Property 'children' is missing in type '{ data: any[]; }' but required in type '{ data: any; children: React.ReactNode; }'.
components/CarrotDashboard.tsx(647,13): error TS17004: Cannot use JSX unless the '--jsx' flag is provided.
components/CarrotDashboard.tsx(648,15): error TS17004: Cannot use JSX unless the '--jsx' flag is provided.
components/CarrotDashboard.tsx(650,17): error TS17004: Cannot use JSX unless the '--jsx' flag is provided.
components/CarrotDashboard.tsx(651,17): error TS17004: Cannot use JSX unless the '--jsx' flag is provided.
components/CarrotDashboard.tsx(652,17): error TS17004: Cannot use JSX unless the '--jsx' flag is provided.
components/CarrotDashboard.tsx(653,17): error TS17004: Cannot use JSX unless the '--jsx' flag is provided.
components/CarrotDashboard.tsx(653,43): error TS17004: Cannot use JSX unless the '--jsx' flag is provided.
components/CarrotDashboard.tsx(654,17): error TS17004: Cannot use JSX unless the '--jsx' flag is provided.
components/CarrotDashboard.tsx(655,17): error TS17004: Cannot use JSX unless the '--jsx' flag is provided.
components/CarrotDashboard.tsx(656,17): error TS17004: Cannot use JSX unless the '--jsx' flag is provided.
components/CarrotDashboard.tsx(661,11): error TS17004: Cannot use JSX unless the '--jsx' flag is provided.
components/CarrotDashboard.tsx(662,13): error TS17004: Cannot use JSX unless the '--jsx' flag is provided.
components/CarrotDashboard.tsx(671,9): error TS17004: Cannot use JSX unless the '--jsx' flag is provided.
components/CarrotDashboard.tsx(672,11): error TS17004: Cannot use JSX unless the '--jsx' flag is provided.
components/CarrotDashboard.tsx(673,13): error TS17004: Cannot use JSX unless the '--jsx' flag is provided.
components/CarrotDashboard.tsx(674,15): error TS17004: Cannot use JSX unless the '--jsx' flag is provided.
components/CarrotDashboard.tsx(675,15): error TS17004: Cannot use JSX unless the '--jsx' flag is provided.
components/CarrotDashboard.tsx(676,15): error TS17004: Cannot use JSX unless the '--jsx' flag is provided.
components/CarrotDashboard.tsx(677,17): error TS17004: Cannot use JSX unless the '--jsx' flag is provided.
components/CarrotDashboard.tsx(682,11): error TS17004: Cannot use JSX unless the '--jsx' flag is provided.
components/CarrotDashboard.tsx(683,13): error TS17004: Cannot use JSX unless the '--jsx' flag is provided.
components/CarrotDashboard.tsx(683,14): error TS2741: Property 'children' is missing in type '{ data: any[]; }' but required in type '{ data: any; children: React.ReactNode; }'.
components/CarrotDashboard.tsx(684,13): error TS17004: Cannot use JSX unless the '--jsx' flag is provided.
components/CarrotDashboard.tsx(685,15): error TS17004: Cannot use JSX unless the '--jsx' flag is provided.
components/CarrotDashboard.tsx(687,17): error TS17004: Cannot use JSX unless the '--jsx' flag is provided.
components/CarrotDashboard.tsx(688,17): error TS17004: Cannot use JSX unless the '--jsx' flag is provided.
components/CarrotDashboard.tsx(689,17): error TS17004: Cannot use JSX unless the '--jsx' flag is provided.
components/CarrotDashboard.tsx(690,17): error TS17004: Cannot use JSX unless the '--jsx' flag is provided.
components/CarrotDashboard.tsx(690,43): error TS17004: Cannot use JSX unless the '--jsx' flag is provided.
components/CarrotDashboard.tsx(691,17): error TS17004: Cannot use JSX unless the '--jsx' flag is provided.
components/CarrotDashboard.tsx(692,17): error TS17004: Cannot use JSX unless the '--jsx' flag is provided.
components/CarrotDashboard.tsx(693,17): error TS17004: Cannot use JSX unless the '--jsx' flag is provided.
components/CarrotDashboard.tsx(694,17): error TS17004: Cannot use JSX unless the '--jsx' flag is provided.
components/CarrotDashboard.tsx(699,11): error TS17004: Cannot use JSX unless the '--jsx' flag is provided.
components/CarrotDashboard.tsx(700,13): error TS17004: Cannot use JSX unless the '--jsx' flag is provided.
components/CarrotDashboard.tsx(709,9): error TS17004: Cannot use JSX unless the '--jsx' flag is provided.
components/CarrotDashboard.tsx(710,11): error TS17004: Cannot use JSX unless the '--jsx' flag is provided.
components/CarrotDashboard.tsx(711,13): error TS17004: Cannot use JSX unless the '--jsx' flag is provided.
components/CarrotDashboard.tsx(712,15): error TS17004: Cannot use JSX unless the '--jsx' flag is provided.
components/CarrotDashboard.tsx(713,15): error TS17004: Cannot use JSX unless the '--jsx' flag is provided.
components/CarrotDashboard.tsx(714,15): error TS17004: Cannot use JSX unless the '--jsx' flag is provided.
components/CarrotDashboard.tsx(715,17): error TS17004: Cannot use JSX unless the '--jsx' flag is provided.
components/CarrotDashboard.tsx(720,11): error TS17004: Cannot use JSX unless the '--jsx' flag is provided.
components/CarrotDashboard.tsx(721,13): error TS17004: Cannot use JSX unless the '--jsx' flag is provided.
components/CarrotDashboard.tsx(721,14): error TS2741: Property 'children' is missing in type '{ data: any[]; }' but required in type '{ data: any; children: React.ReactNode; }'.
components/CarrotDashboard.tsx(722,13): error TS17004: Cannot use JSX unless the '--jsx' flag is provided.
components/CarrotDashboard.tsx(723,15): error TS17004: Cannot use JSX unless the '--jsx' flag is provided.
components/CarrotDashboard.tsx(725,17): error TS17004: Cannot use JSX unless the '--jsx' flag is provided.
components/CarrotDashboard.tsx(726,17): error TS17004: Cannot use JSX unless the '--jsx' flag is provided.
components/CarrotDashboard.tsx(727,17): error TS17004: Cannot use JSX unless the '--jsx' flag is provided.
components/CarrotDashboard.tsx(728,17): error TS17004: Cannot use JSX unless the '--jsx' flag is provided.
components/CarrotDashboard.tsx(728,43): error TS17004: Cannot use JSX unless the '--jsx' flag is provided.
components/CarrotDashboard.tsx(729,17): error TS17004: Cannot use JSX unless the '--jsx' flag is provided.
components/CarrotDashboard.tsx(730,17): error TS17004: Cannot use JSX unless the '--jsx' flag is provided.
components/CarrotDashboard.tsx(731,17): error TS17004: Cannot use JSX unless the '--jsx' flag is provided.
components/CarrotDashboard.tsx(732,17): error TS17004: Cannot use JSX unless the '--jsx' flag is provided.
components/CarrotDashboard.tsx(737,11): error TS17004: Cannot use JSX unless the '--jsx' flag is provided.
components/CarrotDashboard.tsx(738,13): error TS17004: Cannot use JSX unless the '--jsx' flag is provided.
components/CarrotDashboard.tsx(749,7): error TS17004: Cannot use JSX unless the '--jsx' flag is provided.
components/CarrotDashboard.tsx(750,9): error TS17004: Cannot use JSX unless the '--jsx' flag is provided.
components/CarrotDashboard.tsx(751,9): error TS17004: Cannot use JSX unless the '--jsx' flag is provided.
components/CarrotDashboard.tsx(752,11): error TS17004: Cannot use JSX unless the '--jsx' flag is provided.
components/CarrotDashboard.tsx(753,11): error TS17004: Cannot use JSX unless the '--jsx' flag is provided.
components/CarrotDashboard.tsx(756,7): error TS17004: Cannot use JSX unless the '--jsx' flag is provided.
components/CarrotDashboard.tsx(758,9): error TS17004: Cannot use JSX unless the '--jsx' flag is provided.
components/CarrotDashboard.tsx(759,11): error TS17004: Cannot use JSX unless the '--jsx' flag is provided.
components/CarrotDashboard.tsx(760,13): error TS17004: Cannot use JSX unless the '--jsx' flag is provided.
components/CarrotDashboard.tsx(761,15): error TS17004: Cannot use JSX unless the '--jsx' flag is provided.
components/CarrotDashboard.tsx(762,15): error TS17004: Cannot use JSX unless the '--jsx' flag is provided.
components/CarrotDashboard.tsx(763,15): error TS17004: Cannot use JSX unless the '--jsx' flag is provided.
components/CarrotDashboard.tsx(768,11): error TS17004: Cannot use JSX unless the '--jsx' flag is provided.
components/CarrotDashboard.tsx(769,13): error TS17004: Cannot use JSX unless the '--jsx' flag is provided.
components/CarrotDashboard.tsx(769,14): error TS2741: Property 'children' is missing in type '{ data: any[]; }' but required in type '{ data: any; children: React.ReactNode; }'.
components/CarrotDashboard.tsx(770,13): error TS17004: Cannot use JSX unless the '--jsx' flag is provided.
components/CarrotDashboard.tsx(771,15): error TS17004: Cannot use JSX unless the '--jsx' flag is provided.
components/CarrotDashboard.tsx(773,17): error TS17004: Cannot use JSX unless the '--jsx' flag is provided.
components/CarrotDashboard.tsx(774,17): error TS17004: Cannot use JSX unless the '--jsx' flag is provided.
components/CarrotDashboard.tsx(775,17): error TS17004: Cannot use JSX unless the '--jsx' flag is provided.
components/CarrotDashboard.tsx(775,43): error TS17004: Cannot use JSX unless the '--jsx' flag is provided.
components/CarrotDashboard.tsx(776,17): error TS17004: Cannot use JSX unless the '--jsx' flag is provided.
components/CarrotDashboard.tsx(777,17): error TS17004: Cannot use JSX unless the '--jsx' flag is provided.
components/CarrotDashboard.tsx(778,17): error TS17004: Cannot use JSX unless the '--jsx' flag is provided.
components/CarrotDashboard.tsx(779,17): error TS17004: Cannot use JSX unless the '--jsx' flag is provided.
components/CarrotDashboard.tsx(784,11): error TS17004: Cannot use JSX unless the '--jsx' flag is provided.
components/CarrotDashboard.tsx(785,13): error TS17004: Cannot use JSX unless the '--jsx' flag is provided.
components/CarrotDashboard.tsx(793,9): error TS17004: Cannot use JSX unless the '--jsx' flag is provided.
components/CarrotDashboard.tsx(794,11): error TS17004: Cannot use JSX unless the '--jsx' flag is provided.
components/CarrotDashboard.tsx(795,13): error TS17004: Cannot use JSX unless the '--jsx' flag is provided.
components/CarrotDashboard.tsx(796,15): error TS17004: Cannot use JSX unless the '--jsx' flag is provided.
components/CarrotDashboard.tsx(797,15): error TS17004: Cannot use JSX unless the '--jsx' flag is provided.
components/CarrotDashboard.tsx(798,15): error TS17004: Cannot use JSX unless the '--jsx' flag is provided.
components/CarrotDashboard.tsx(803,11): error TS17004: Cannot use JSX unless the '--jsx' flag is provided.
components/CarrotDashboard.tsx(804,13): error TS17004: Cannot use JSX unless the '--jsx' flag is provided.
components/CarrotDashboard.tsx(804,14): error TS2741: Property 'children' is missing in type '{ data: any[]; }' but required in type '{ data: any; children: React.ReactNode; }'.
components/CarrotDashboard.tsx(805,13): error TS17004: Cannot use JSX unless the '--jsx' flag is provided.
components/CarrotDashboard.tsx(806,15): error TS17004: Cannot use JSX unless the '--jsx' flag is provided.
components/CarrotDashboard.tsx(808,17): error TS17004: Cannot use JSX unless the '--jsx' flag is provided.
components/CarrotDashboard.tsx(809,17): error TS17004: Cannot use JSX unless the '--jsx' flag is provided.
components/CarrotDashboard.tsx(810,17): error TS17004: Cannot use JSX unless the '--jsx' flag is provided.
components/CarrotDashboard.tsx(810,43): error TS17004: Cannot use JSX unless the '--jsx' flag is provided.
components/CarrotDashboard.tsx(811,17): error TS17004: Cannot use JSX unless the '--jsx' flag is provided.
components/CarrotDashboard.tsx(812,17): error TS17004: Cannot use JSX unless the '--jsx' flag is provided.
components/CarrotDashboard.tsx(813,17): error TS17004: Cannot use JSX unless the '--jsx' flag is provided.
components/CarrotDashboard.tsx(814,17): error TS17004: Cannot use JSX unless the '--jsx' flag is provided.
components/CarrotDashboard.tsx(819,11): error TS17004: Cannot use JSX unless the '--jsx' flag is provided.
components/CarrotDashboard.tsx(820,13): error TS17004: Cannot use JSX unless the '--jsx' flag is provided.
components/CarrotDashboard.tsx(829,9): error TS17004: Cannot use JSX unless the '--jsx' flag is provided.
components/CarrotDashboard.tsx(830,11): error TS17004: Cannot use JSX unless the '--jsx' flag is provided.
components/CarrotDashboard.tsx(831,13): error TS17004: Cannot use JSX unless the '--jsx' flag is provided.
components/CarrotDashboard.tsx(832,15): error TS17004: Cannot use JSX unless the '--jsx' flag is provided.
components/CarrotDashboard.tsx(833,15): error TS17004: Cannot use JSX unless the '--jsx' flag is provided.
components/CarrotDashboard.tsx(834,15): error TS17004: Cannot use JSX unless the '--jsx' flag is provided.
components/CarrotDashboard.tsx(839,11): error TS17004: Cannot use JSX unless the '--jsx' flag is provided.
components/CarrotDashboard.tsx(840,13): error TS17004: Cannot use JSX unless the '--jsx' flag is provided.
components/CarrotDashboard.tsx(840,14): error TS2741: Property 'children' is missing in type '{ data: any[]; }' but required in type '{ data: any; children: React.ReactNode; }'.
components/CarrotDashboard.tsx(841,13): error TS17004: Cannot use JSX unless the '--jsx' flag is provided.
components/CarrotDashboard.tsx(842,15): error TS17004: Cannot use JSX unless the '--jsx' flag is provided.
components/CarrotDashboard.tsx(844,17): error TS17004: Cannot use JSX unless the '--jsx' flag is provided.
components/CarrotDashboard.tsx(845,17): error TS17004: Cannot use JSX unless the '--jsx' flag is provided.
components/CarrotDashboard.tsx(846,17): error TS17004: Cannot use JSX unless the '--jsx' flag is provided.
components/CarrotDashboard.tsx(846,43): error TS17004: Cannot use JSX unless the '--jsx' flag is provided.
components/CarrotDashboard.tsx(847,17): error TS17004: Cannot use JSX unless the '--jsx' flag is provided.
components/CarrotDashboard.tsx(848,17): error TS17004: Cannot use JSX unless the '--jsx' flag is provided.
components/CarrotDashboard.tsx(849,17): error TS17004: Cannot use JSX unless the '--jsx' flag is provided.
components/CarrotDashboard.tsx(850,17): error TS17004: Cannot use JSX unless the '--jsx' flag is provided.
components/CarrotDashboard.tsx(855,11): error TS17004: Cannot use JSX unless the '--jsx' flag is provided.
components/CarrotDashboard.tsx(856,13): error TS17004: Cannot use JSX unless the '--jsx' flag is provided.
components/CarrotDashboard.tsx(865,9): error TS17004: Cannot use JSX unless the '--jsx' flag is provided.
components/CarrotDashboard.tsx(866,11): error TS17004: Cannot use JSX unless the '--jsx' flag is provided.
components/CarrotDashboard.tsx(867,13): error TS17004: Cannot use JSX unless the '--jsx' flag is provided.
components/CarrotDashboard.tsx(868,15): error TS17004: Cannot use JSX unless the '--jsx' flag is provided.
components/CarrotDashboard.tsx(869,15): error TS17004: Cannot use JSX unless the '--jsx' flag is provided.
components/CarrotDashboard.tsx(870,15): error TS17004: Cannot use JSX unless the '--jsx' flag is provided.
components/CarrotDashboard.tsx(875,11): error TS17004: Cannot use JSX unless the '--jsx' flag is provided.
components/CarrotDashboard.tsx(876,13): error TS17004: Cannot use JSX unless the '--jsx' flag is provided.
components/CarrotDashboard.tsx(876,14): error TS2741: Property 'children' is missing in type '{ data: any[]; }' but required in type '{ data: any; children: React.ReactNode; }'.
components/CarrotDashboard.tsx(877,13): error TS17004: Cannot use JSX unless the '--jsx' flag is provided.
components/CarrotDashboard.tsx(878,15): error TS17004: Cannot use JSX unless the '--jsx' flag is provided.
components/CarrotDashboard.tsx(880,17): error TS17004: Cannot use JSX unless the '--jsx' flag is provided.
components/CarrotDashboard.tsx(881,17): error TS17004: Cannot use JSX unless the '--jsx' flag is provided.
components/CarrotDashboard.tsx(882,17): error TS17004: Cannot use JSX unless the '--jsx' flag is provided.
components/CarrotDashboard.tsx(882,43): error TS17004: Cannot use JSX unless the '--jsx' flag is provided.
components/CarrotDashboard.tsx(883,17): error TS17004: Cannot use JSX unless the '--jsx' flag is provided.
components/CarrotDashboard.tsx(884,17): error TS17004: Cannot use JSX unless the '--jsx' flag is provided.
components/CarrotDashboard.tsx(885,17): error TS17004: Cannot use JSX unless the '--jsx' flag is provided.
components/CarrotDashboard.tsx(886,17): error TS17004: Cannot use JSX unless the '--jsx' flag is provided.
components/CarrotDashboard.tsx(887,17): error TS17004: Cannot use JSX unless the '--jsx' flag is provided.
components/CarrotDashboard.tsx(892,11): error TS17004: Cannot use JSX unless the '--jsx' flag is provided.
components/CarrotDashboard.tsx(893,13): error TS17004: Cannot use JSX unless the '--jsx' flag is provided.
components/CarrotDashboard.tsx(904,7): error TS17004: Cannot use JSX unless the '--jsx' flag is provided.
components/CarrotDashboard.tsx(905,9): error TS17004: Cannot use JSX unless the '--jsx' flag is provided.
components/CarrotDashboard.tsx(906,9): error TS17004: Cannot use JSX unless the '--jsx' flag is provided.
components/CarrotDashboard.tsx(907,11): error TS17004: Cannot use JSX unless the '--jsx' flag is provided.
components/CarrotDashboard.tsx(908,11): error TS17004: Cannot use JSX unless the '--jsx' flag is provided.
components/CarrotDashboard.tsx(911,7): error TS17004: Cannot use JSX unless the '--jsx' flag is provided.
components/CarrotDashboard.tsx(913,9): error TS17004: Cannot use JSX unless the '--jsx' flag is provided.
components/CarrotDashboard.tsx(914,11): error TS17004: Cannot use JSX unless the '--jsx' flag is provided.
components/CarrotDashboard.tsx(915,13): error TS17004: Cannot use JSX unless the '--jsx' flag is provided.
components/CarrotDashboard.tsx(916,15): error TS17004: Cannot use JSX unless the '--jsx' flag is provided.
components/CarrotDashboard.tsx(917,15): error TS17004: Cannot use JSX unless the '--jsx' flag is provided.
components/CarrotDashboard.tsx(918,15): error TS17004: Cannot use JSX unless the '--jsx' flag is provided.
components/CarrotDashboard.tsx(923,11): error TS17004: Cannot use JSX unless the '--jsx' flag is provided.
components/CarrotDashboard.tsx(924,13): error TS17004: Cannot use JSX unless the '--jsx' flag is provided.
components/CarrotDashboard.tsx(925,15): error TS17004: Cannot use JSX unless the '--jsx' flag is provided.
components/CarrotDashboard.tsx(926,17): error TS17004: Cannot use JSX unless the '--jsx' flag is provided.
components/CarrotDashboard.tsx(927,19): error TS17004: Cannot use JSX unless the '--jsx' flag is provided.
components/CarrotDashboard.tsx(928,19): error TS17004: Cannot use JSX unless the '--jsx' flag is provided.
components/CarrotDashboard.tsx(930,17): error TS17004: Cannot use JSX unless the '--jsx' flag is provided.
components/CarrotDashboard.tsx(930,43): error TS17004: Cannot use JSX unless the '--jsx' flag is provided.
components/CarrotDashboard.tsx(931,17): error TS17004: Cannot use JSX unless the '--jsx' flag is provided.
components/CarrotDashboard.tsx(935,11): error TS17004: Cannot use JSX unless the '--jsx' flag is provided.
components/CarrotDashboard.tsx(936,13): error TS17004: Cannot use JSX unless the '--jsx' flag is provided.
components/CarrotDashboard.tsx(945,9): error TS17004: Cannot use JSX unless the '--jsx' flag is provided.
components/CarrotDashboard.tsx(946,11): error TS17004: Cannot use JSX unless the '--jsx' flag is provided.
components/CarrotDashboard.tsx(947,13): error TS17004: Cannot use JSX unless the '--jsx' flag is provided.
components/CarrotDashboard.tsx(948,15): error TS17004: Cannot use JSX unless the '--jsx' flag is provided.
components/CarrotDashboard.tsx(949,15): error TS17004: Cannot use JSX unless the '--jsx' flag is provided.
components/CarrotDashboard.tsx(950,15): error TS17004: Cannot use JSX unless the '--jsx' flag is provided.
components/CarrotDashboard.tsx(955,11): error TS17004: Cannot use JSX unless the '--jsx' flag is provided.
components/CarrotDashboard.tsx(956,13): error TS17004: Cannot use JSX unless the '--jsx' flag is provided.
components/CarrotDashboard.tsx(956,14): error TS2741: Property 'children' is missing in type '{ data: any[]; }' but required in type '{ data: any; children: React.ReactNode; }'.
components/CarrotDashboard.tsx(957,13): error TS17004: Cannot use JSX unless the '--jsx' flag is provided.
components/CarrotDashboard.tsx(958,15): error TS17004: Cannot use JSX unless the '--jsx' flag is provided.
components/CarrotDashboard.tsx(960,17): error TS17004: Cannot use JSX unless the '--jsx' flag is provided.
components/CarrotDashboard.tsx(961,17): error TS17004: Cannot use JSX unless the '--jsx' flag is provided.
components/CarrotDashboard.tsx(962,17): error TS17004: Cannot use JSX unless the '--jsx' flag is provided.
components/CarrotDashboard.tsx(962,43): error TS17004: Cannot use JSX unless the '--jsx' flag is provided.
components/CarrotDashboard.tsx(963,17): error TS17004: Cannot use JSX unless the '--jsx' flag is provided.
components/CarrotDashboard.tsx(964,17): error TS17004: Cannot use JSX unless the '--jsx' flag is provided.
components/CarrotDashboard.tsx(965,17): error TS17004: Cannot use JSX unless the '--jsx' flag is provided.
components/CarrotDashboard.tsx(966,17): error TS17004: Cannot use JSX unless the '--jsx' flag is provided.
components/CarrotDashboard.tsx(967,17): error TS17004: Cannot use JSX unless the '--jsx' flag is provided.
components/CarrotDashboard.tsx(972,11): error TS17004: Cannot use JSX unless the '--jsx' flag is provided.
components/CarrotDashboard.tsx(973,13): error TS17004: Cannot use JSX unless the '--jsx' flag is provided.
components/CarrotDashboard.tsx(981,9): error TS17004: Cannot use JSX unless the '--jsx' flag is provided.
components/CarrotDashboard.tsx(982,11): error TS17004: Cannot use JSX unless the '--jsx' flag is provided.
components/CarrotDashboard.tsx(983,13): error TS17004: Cannot use JSX unless the '--jsx' flag is provided.
components/CarrotDashboard.tsx(984,15): error TS17004: Cannot use JSX unless the '--jsx' flag is provided.
components/CarrotDashboard.tsx(985,15): error TS17004: Cannot use JSX unless the '--jsx' flag is provided.
components/CarrotDashboard.tsx(986,15): error TS17004: Cannot use JSX unless the '--jsx' flag is provided.
components/CarrotDashboard.tsx(991,11): error TS17004: Cannot use JSX unless the '--jsx' flag is provided.
components/CarrotDashboard.tsx(992,13): error TS17004: Cannot use JSX unless the '--jsx' flag is provided.
components/CarrotDashboard.tsx(992,14): error TS2741: Property 'children' is missing in type '{ data: any[]; }' but required in type '{ data: any; children: React.ReactNode; }'.
components/CarrotDashboard.tsx(993,13): error TS17004: Cannot use JSX unless the '--jsx' flag is provided.
components/CarrotDashboard.tsx(994,15): error TS17004: Cannot use JSX unless the '--jsx' flag is provided.
components/CarrotDashboard.tsx(995,17): error TS17004: Cannot use JSX unless the '--jsx' flag is provided.
components/CarrotDashboard.tsx(996,17): error TS17004: Cannot use JSX unless the '--jsx' flag is provided.
components/CarrotDashboard.tsx(997,17): error TS17004: Cannot use JSX unless the '--jsx' flag is provided.
components/CarrotDashboard.tsx(998,17): error TS17004: Cannot use JSX unless the '--jsx' flag is provided.
components/CarrotDashboard.tsx(998,43): error TS17004: Cannot use JSX unless the '--jsx' flag is provided.
components/CarrotDashboard.tsx(999,17): error TS17004: Cannot use JSX unless the '--jsx' flag is provided.
components/CarrotDashboard.tsx(1000,17): error TS17004: Cannot use JSX unless the '--jsx' flag is provided.
components/CarrotDashboard.tsx(1001,17): error TS17004: Cannot use JSX unless the '--jsx' flag is provided.
components/CarrotDashboard.tsx(1006,11): error TS17004: Cannot use JSX unless the '--jsx' flag is provided.
components/CarrotDashboard.tsx(1007,13): error TS17004: Cannot use JSX unless the '--jsx' flag is provided.
components/CarrotDashboard.tsx(1016,9): error TS17004: Cannot use JSX unless the '--jsx' flag is provided.
components/CarrotDashboard.tsx(1017,11): error TS17004: Cannot use JSX unless the '--jsx' flag is provided.
components/CarrotDashboard.tsx(1018,13): error TS17004: Cannot use JSX unless the '--jsx' flag is provided.
components/CarrotDashboard.tsx(1019,15): error TS17004: Cannot use JSX unless the '--jsx' flag is provided.
components/CarrotDashboard.tsx(1020,15): error TS17004: Cannot use JSX unless the '--jsx' flag is provided.
components/CarrotDashboard.tsx(1021,15): error TS17004: Cannot use JSX unless the '--jsx' flag is provided.
components/CarrotDashboard.tsx(1026,11): error TS17004: Cannot use JSX unless the '--jsx' flag is provided.
components/CarrotDashboard.tsx(1027,13): error TS17004: Cannot use JSX unless the '--jsx' flag is provided.
components/CarrotDashboard.tsx(1027,14): error TS2741: Property 'children' is missing in type '{ data: any[]; }' but required in type '{ data: any; children: React.ReactNode; }'.
components/CarrotDashboard.tsx(1028,13): error TS17004: Cannot use JSX unless the '--jsx' flag is provided.
components/CarrotDashboard.tsx(1029,15): error TS17004: Cannot use JSX unless the '--jsx' flag is provided.
components/CarrotDashboard.tsx(1030,17): error TS17004: Cannot use JSX unless the '--jsx' flag is provided.
components/CarrotDashboard.tsx(1031,19): error TS17004: Cannot use JSX unless the '--jsx' flag is provided.
components/CarrotDashboard.tsx(1031,86): error TS17004: Cannot use JSX unless the '--jsx' flag is provided.
components/CarrotDashboard.tsx(1031,143): error TS17004: Cannot use JSX unless the '--jsx' flag is provided.
components/CarrotDashboard.tsx(1032,19): error TS17004: Cannot use JSX unless the '--jsx' flag is provided.
components/CarrotDashboard.tsx(1032,85): error TS17004: Cannot use JSX unless the '--jsx' flag is provided.
components/CarrotDashboard.tsx(1032,142): error TS17004: Cannot use JSX unless the '--jsx' flag is provided.
components/CarrotDashboard.tsx(1035,17): error TS17004: Cannot use JSX unless the '--jsx' flag is provided.
components/CarrotDashboard.tsx(1036,17): error TS17004: Cannot use JSX unless the '--jsx' flag is provided.
components/CarrotDashboard.tsx(1037,17): error TS17004: Cannot use JSX unless the '--jsx' flag is provided.
components/CarrotDashboard.tsx(1037,43): error TS17004: Cannot use JSX unless the '--jsx' flag is provided.
components/CarrotDashboard.tsx(1038,17): error TS17004: Cannot use JSX unless the '--jsx' flag is provided.
components/CarrotDashboard.tsx(1039,17): error TS17004: Cannot use JSX unless the '--jsx' flag is provided.
components/CarrotDashboard.tsx(1040,17): error TS17004: Cannot use JSX unless the '--jsx' flag is provided.
components/CarrotDashboard.tsx(1045,11): error TS17004: Cannot use JSX unless the '--jsx' flag is provided.
components/CarrotDashboard.tsx(1046,13): error TS17004: Cannot use JSX unless the '--jsx' flag is provided.
components/CarrotDashboard.tsx(1055,9): error TS17004: Cannot use JSX unless the '--jsx' flag is provided.
components/CarrotDashboard.tsx(1056,11): error TS17004: Cannot use JSX unless the '--jsx' flag is provided.
components/CarrotDashboard.tsx(1057,13): error TS17004: Cannot use JSX unless the '--jsx' flag is provided.
components/CarrotDashboard.tsx(1058,15): error TS17004: Cannot use JSX unless the '--jsx' flag is provided.
components/CarrotDashboard.tsx(1059,15): error TS17004: Cannot use JSX unless the '--jsx' flag is provided.
components/CarrotDashboard.tsx(1060,15): error TS17004: Cannot use JSX unless the '--jsx' flag is provided.
components/CarrotDashboard.tsx(1065,11): error TS17004: Cannot use JSX unless the '--jsx' flag is provided.
components/CarrotDashboard.tsx(1066,13): error TS17004: Cannot use JSX unless the '--jsx' flag is provided.
components/CarrotDashboard.tsx(1066,14): error TS2741: Property 'children' is missing in type '{ data: any[]; }' but required in type '{ data: any; children: React.ReactNode; }'.
components/CarrotDashboard.tsx(1067,13): error TS17004: Cannot use JSX unless the '--jsx' flag is provided.
components/CarrotDashboard.tsx(1068,15): error TS17004: Cannot use JSX unless the '--jsx' flag is provided.
components/CarrotDashboard.tsx(1070,17): error TS17004: Cannot use JSX unless the '--jsx' flag is provided.
components/CarrotDashboard.tsx(1071,17): error TS17004: Cannot use JSX unless the '--jsx' flag is provided.
components/CarrotDashboard.tsx(1072,17): error TS17004: Cannot use JSX unless the '--jsx' flag is provided.
components/CarrotDashboard.tsx(1072,43): error TS17004: Cannot use JSX unless the '--jsx' flag is provided.
components/CarrotDashboard.tsx(1073,17): error TS17004: Cannot use JSX unless the '--jsx' flag is provided.
components/CarrotDashboard.tsx(1074,17): error TS17004: Cannot use JSX unless the '--jsx' flag is provided.
components/CarrotDashboard.tsx(1075,17): error TS17004: Cannot use JSX unless the '--jsx' flag is provided.
components/CarrotDashboard.tsx(1076,17): error TS17004: Cannot use JSX unless the '--jsx' flag is provided.
components/CarrotDashboard.tsx(1081,11): error TS17004: Cannot use JSX unless the '--jsx' flag is provided.
components/CarrotDashboard.tsx(1082,13): error TS17004: Cannot use JSX unless the '--jsx' flag is provided.
components/CarrotDashboard.tsx(1093,7): error TS17004: Cannot use JSX unless the '--jsx' flag is provided.
components/CarrotDashboard.tsx(1094,9): error TS17004: Cannot use JSX unless the '--jsx' flag is provided.
components/CarrotDashboard.tsx(1095,9): error TS17004: Cannot use JSX unless the '--jsx' flag is provided.
components/CarrotDashboard.tsx(1096,11): error TS17004: Cannot use JSX unless the '--jsx' flag is provided.
components/CarrotDashboard.tsx(1097,11): error TS17004: Cannot use JSX unless the '--jsx' flag is provided.
components/CarrotDashboard.tsx(1100,7): error TS17004: Cannot use JSX unless the '--jsx' flag is provided.
components/CarrotDashboard.tsx(1102,9): error TS17004: Cannot use JSX unless the '--jsx' flag is provided.
components/CarrotDashboard.tsx(1103,11): error TS17004: Cannot use JSX unless the '--jsx' flag is provided.
components/CarrotDashboard.tsx(1104,13): error TS17004: Cannot use JSX unless the '--jsx' flag is provided.
components/CarrotDashboard.tsx(1105,15): error TS17004: Cannot use JSX unless the '--jsx' flag is provided.
components/CarrotDashboard.tsx(1106,15): error TS17004: Cannot use JSX unless the '--jsx' flag is provided.
components/CarrotDashboard.tsx(1107,15): error TS17004: Cannot use JSX unless the '--jsx' flag is provided.
components/CarrotDashboard.tsx(1108,17): error TS17004: Cannot use JSX unless the '--jsx' flag is provided.
components/CarrotDashboard.tsx(1113,11): error TS17004: Cannot use JSX unless the '--jsx' flag is provided.
components/CarrotDashboard.tsx(1114,13): error TS17004: Cannot use JSX unless the '--jsx' flag is provided.
components/CarrotDashboard.tsx(1114,14): error TS2741: Property 'children' is missing in type '{ data: any[]; }' but required in type '{ data: any; children: React.ReactNode; }'.
components/CarrotDashboard.tsx(1115,13): error TS17004: Cannot use JSX unless the '--jsx' flag is provided.
components/CarrotDashboard.tsx(1116,15): error TS17004: Cannot use JSX unless the '--jsx' flag is provided.
components/CarrotDashboard.tsx(1118,17): error TS17004: Cannot use JSX unless the '--jsx' flag is provided.
components/CarrotDashboard.tsx(1119,17): error TS17004: Cannot use JSX unless the '--jsx' flag is provided.
components/CarrotDashboard.tsx(1120,17): error TS17004: Cannot use JSX unless the '--jsx' flag is provided.
components/CarrotDashboard.tsx(1120,43): error TS17004: Cannot use JSX unless the '--jsx' flag is provided.
components/CarrotDashboard.tsx(1121,17): error TS17004: Cannot use JSX unless the '--jsx' flag is provided.
components/CarrotDashboard.tsx(1122,17): error TS17004: Cannot use JSX unless the '--jsx' flag is provided.
components/CarrotDashboard.tsx(1123,17): error TS17004: Cannot use JSX unless the '--jsx' flag is provided.
components/CarrotDashboard.tsx(1124,17): error TS17004: Cannot use JSX unless the '--jsx' flag is provided.
components/CarrotDashboard.tsx(1129,11): error TS17004: Cannot use JSX unless the '--jsx' flag is provided.
components/CarrotDashboard.tsx(1130,13): error TS17004: Cannot use JSX unless the '--jsx' flag is provided.
components/CarrotDashboard.tsx(1138,9): error TS17004: Cannot use JSX unless the '--jsx' flag is provided.
components/CarrotDashboard.tsx(1139,11): error TS17004: Cannot use JSX unless the '--jsx' flag is provided.
components/CarrotDashboard.tsx(1140,13): error TS17004: Cannot use JSX unless the '--jsx' flag is provided.
components/CarrotDashboard.tsx(1141,15): error TS17004: Cannot use JSX unless the '--jsx' flag is provided.
components/CarrotDashboard.tsx(1142,15): error TS17004: Cannot use JSX unless the '--jsx' flag is provided.
components/CarrotDashboard.tsx(1143,15): error TS17004: Cannot use JSX unless the '--jsx' flag is provided.
components/CarrotDashboard.tsx(1148,11): error TS17004: Cannot use JSX unless the '--jsx' flag is provided.
components/CarrotDashboard.tsx(1149,13): error TS17004: Cannot use JSX unless the '--jsx' flag is provided.
components/CarrotDashboard.tsx(1149,14): error TS2741: Property 'children' is missing in type '{ data: any[]; }' but required in type '{ data: any; children: React.ReactNode; }'.
components/CarrotDashboard.tsx(1150,13): error TS17004: Cannot use JSX unless the '--jsx' flag is provided.
components/CarrotDashboard.tsx(1151,15): error TS17004: Cannot use JSX unless the '--jsx' flag is provided.
components/CarrotDashboard.tsx(1152,17): error TS17004: Cannot use JSX unless the '--jsx' flag is provided.
components/CarrotDashboard.tsx(1153,19): error TS17004: Cannot use JSX unless the '--jsx' flag is provided.
components/CarrotDashboard.tsx(1153,77): error TS17004: Cannot use JSX unless the '--jsx' flag is provided.
components/CarrotDashboard.tsx(1153,134): error TS17004: Cannot use JSX unless the '--jsx' flag is provided.
components/CarrotDashboard.tsx(1154,19): error TS17004: Cannot use JSX unless the '--jsx' flag is provided.
components/CarrotDashboard.tsx(1154,77): error TS17004: Cannot use JSX unless the '--jsx' flag is provided.
components/CarrotDashboard.tsx(1154,134): error TS17004: Cannot use JSX unless the '--jsx' flag is provided.
components/CarrotDashboard.tsx(1155,19): error TS17004: Cannot use JSX unless the '--jsx' flag is provided.
components/CarrotDashboard.tsx(1155,77): error TS17004: Cannot use JSX unless the '--jsx' flag is provided.
components/CarrotDashboard.tsx(1155,134): error TS17004: Cannot use JSX unless the '--jsx' flag is provided.
components/CarrotDashboard.tsx(1158,17): error TS17004: Cannot use JSX unless the '--jsx' flag is provided.
components/CarrotDashboard.tsx(1159,17): error TS17004: Cannot use JSX unless the '--jsx' flag is provided.
components/CarrotDashboard.tsx(1160,17): error TS17004: Cannot use JSX unless the '--jsx' flag is provided.
components/CarrotDashboard.tsx(1160,43): error TS17004: Cannot use JSX unless the '--jsx' flag is provided.
components/CarrotDashboard.tsx(1161,17): error TS17004: Cannot use JSX unless the '--jsx' flag is provided.
components/CarrotDashboard.tsx(1162,17): error TS17004: Cannot use JSX unless the '--jsx' flag is provided.
components/CarrotDashboard.tsx(1163,17): error TS17004: Cannot use JSX unless the '--jsx' flag is provided.
components/CarrotDashboard.tsx(1164,17): error TS17004: Cannot use JSX unless the '--jsx' flag is provided.
components/CarrotDashboard.tsx(1169,11): error TS17004: Cannot use JSX unless the '--jsx' flag is provided.
components/CarrotDashboard.tsx(1170,13): error TS17004: Cannot use JSX unless the '--jsx' flag is provided.
components/CarrotDashboard.tsx(1179,9): error TS17004: Cannot use JSX unless the '--jsx' flag is provided.
components/CarrotDashboard.tsx(1180,11): error TS17004: Cannot use JSX unless the '--jsx' flag is provided.
components/CarrotDashboard.tsx(1181,13): error TS17004: Cannot use JSX unless the '--jsx' flag is provided.
components/CarrotDashboard.tsx(1182,15): error TS17004: Cannot use JSX unless the '--jsx' flag is provided.
components/CarrotDashboard.tsx(1183,15): error TS17004: Cannot use JSX unless the '--jsx' flag is provided.
components/CarrotDashboard.tsx(1184,15): error TS17004: Cannot use JSX unless the '--jsx' flag is provided.
components/CarrotDashboard.tsx(1189,11): error TS17004: Cannot use JSX unless the '--jsx' flag is provided.
components/CarrotDashboard.tsx(1190,13): error TS17004: Cannot use JSX unless the '--jsx' flag is provided.
components/CarrotDashboard.tsx(1190,14): error TS2741: Property 'children' is missing in type '{ data: any[]; }' but required in type '{ data: any; children: React.ReactNode; }'.
components/CarrotDashboard.tsx(1191,13): error TS17004: Cannot use JSX unless the '--jsx' flag is provided.
components/CarrotDashboard.tsx(1192,15): error TS17004: Cannot use JSX unless the '--jsx' flag is provided.
components/CarrotDashboard.tsx(1193,17): error TS17004: Cannot use JSX unless the '--jsx' flag is provided.
components/CarrotDashboard.tsx(1194,17): error TS17004: Cannot use JSX unless the '--jsx' flag is provided.
components/CarrotDashboard.tsx(1195,17): error TS17004: Cannot use JSX unless the '--jsx' flag is provided.
components/CarrotDashboard.tsx(1196,17): error TS17004: Cannot use JSX unless the '--jsx' flag is provided.
components/CarrotDashboard.tsx(1196,43): error TS17004: Cannot use JSX unless the '--jsx' flag is provided.
components/CarrotDashboard.tsx(1197,17): error TS17004: Cannot use JSX unless the '--jsx' flag is provided.
components/CarrotDashboard.tsx(1198,17): error TS17004: Cannot use JSX unless the '--jsx' flag is provided.
components/CarrotDashboard.tsx(1199,17): error TS17004: Cannot use JSX unless the '--jsx' flag is provided.
components/CarrotDashboard.tsx(1204,11): error TS17004: Cannot use JSX unless the '--jsx' flag is provided.
components/CarrotDashboard.tsx(1205,13): error TS17004: Cannot use JSX unless the '--jsx' flag is provided.
components/CarrotDashboard.tsx(1215,9): error TS17004: Cannot use JSX unless the '--jsx' flag is provided.
components/CarrotDashboard.tsx(1216,11): error TS17004: Cannot use JSX unless the '--jsx' flag is provided.
components/CarrotDashboard.tsx(1217,13): error TS17004: Cannot use JSX unless the '--jsx' flag is provided.
components/CarrotDashboard.tsx(1218,15): error TS17004: Cannot use JSX unless the '--jsx' flag is provided.
components/CarrotDashboard.tsx(1219,15): error TS17004: Cannot use JSX unless the '--jsx' flag is provided.
components/CarrotDashboard.tsx(1220,15): error TS17004: Cannot use JSX unless the '--jsx' flag is provided.
components/CarrotDashboard.tsx(1221,17): error TS17004: Cannot use JSX unless the '--jsx' flag is provided.
components/CarrotDashboard.tsx(1226,11): error TS17004: Cannot use JSX unless the '--jsx' flag is provided.
components/CarrotDashboard.tsx(1227,13): error TS17004: Cannot use JSX unless the '--jsx' flag is provided.
components/CarrotDashboard.tsx(1227,14): error TS2741: Property 'children' is missing in type '{ data: any[]; }' but required in type '{ data: any; children: React.ReactNode; }'.
components/CarrotDashboard.tsx(1228,13): error TS17004: Cannot use JSX unless the '--jsx' flag is provided.
components/CarrotDashboard.tsx(1229,15): error TS17004: Cannot use JSX unless the '--jsx' flag is provided.
components/CarrotDashboard.tsx(1230,17): error TS17004: Cannot use JSX unless the '--jsx' flag is provided.
components/CarrotDashboard.tsx(1231,17): error TS17004: Cannot use JSX unless the '--jsx' flag is provided.
components/CarrotDashboard.tsx(1232,17): error TS17004: Cannot use JSX unless the '--jsx' flag is provided.
components/CarrotDashboard.tsx(1233,17): error TS17004: Cannot use JSX unless the '--jsx' flag is provided.
components/CarrotDashboard.tsx(1233,43): error TS17004: Cannot use JSX unless the '--jsx' flag is provided.
components/CarrotDashboard.tsx(1234,17): error TS17004: Cannot use JSX unless the '--jsx' flag is provided.
components/CarrotDashboard.tsx(1235,17): error TS17004: Cannot use JSX unless the '--jsx' flag is provided.
components/CarrotDashboard.tsx(1236,17): error TS17004: Cannot use JSX unless the '--jsx' flag is provided.
components/CarrotDashboard.tsx(1237,17): error TS17004: Cannot use JSX unless the '--jsx' flag is provided.
components/CarrotDashboard.tsx(1242,11): error TS17004: Cannot use JSX unless the '--jsx' flag is provided.
components/CarrotDashboard.tsx(1243,13): error TS17004: Cannot use JSX unless the '--jsx' flag is provided.
components/CarrotDashboard.tsx(1252,9): error TS17004: Cannot use JSX unless the '--jsx' flag is provided.
components/CarrotDashboard.tsx(1253,11): error TS17004: Cannot use JSX unless the '--jsx' flag is provided.
components/CarrotDashboard.tsx(1254,13): error TS17004: Cannot use JSX unless the '--jsx' flag is provided.
components/CarrotDashboard.tsx(1255,15): error TS17004: Cannot use JSX unless the '--jsx' flag is provided.
components/CarrotDashboard.tsx(1256,15): error TS17004: Cannot use JSX unless the '--jsx' flag is provided.
components/CarrotDashboard.tsx(1257,15): error TS17004: Cannot use JSX unless the '--jsx' flag is provided.
components/CarrotDashboard.tsx(1262,11): error TS17004: Cannot use JSX unless the '--jsx' flag is provided.
components/CarrotDashboard.tsx(1263,13): error TS17004: Cannot use JSX unless the '--jsx' flag is provided.
components/CarrotDashboard.tsx(1263,14): error TS2741: Property 'children' is missing in type '{ data: any[]; }' but required in type '{ data: any; children: React.ReactNode; }'.
components/CarrotDashboard.tsx(1264,13): error TS17004: Cannot use JSX unless the '--jsx' flag is provided.
components/CarrotDashboard.tsx(1265,15): error TS17004: Cannot use JSX unless the '--jsx' flag is provided.
components/CarrotDashboard.tsx(1267,17): error TS17004: Cannot use JSX unless the '--jsx' flag is provided.
components/CarrotDashboard.tsx(1268,17): error TS17004: Cannot use JSX unless the '--jsx' flag is provided.
components/CarrotDashboard.tsx(1269,17): error TS17004: Cannot use JSX unless the '--jsx' flag is provided.
components/CarrotDashboard.tsx(1270,17): error TS17004: Cannot use JSX unless the '--jsx' flag is provided.
components/CarrotDashboard.tsx(1270,43): error TS17004: Cannot use JSX unless the '--jsx' flag is provided.
components/CarrotDashboard.tsx(1271,17): error TS17004: Cannot use JSX unless the '--jsx' flag is provided.
components/CarrotDashboard.tsx(1272,17): error TS17004: Cannot use JSX unless the '--jsx' flag is provided.
components/CarrotDashboard.tsx(1273,17): error TS17004: Cannot use JSX unless the '--jsx' flag is provided.
components/CarrotDashboard.tsx(1274,17): error TS17004: Cannot use JSX unless the '--jsx' flag is provided.
components/CarrotDashboard.tsx(1279,11): error TS17004: Cannot use JSX unless the '--jsx' flag is provided.
components/CarrotDashboard.tsx(1280,13): error TS17004: Cannot use JSX unless the '--jsx' flag is provided.
components/CarrotDashboard.tsx(1291,7): error TS17004: Cannot use JSX unless the '--jsx' flag is provided.
components/CarrotDashboard.tsx(1292,9): error TS17004: Cannot use JSX unless the '--jsx' flag is provided.
components/CarrotDashboard.tsx(1293,9): error TS17004: Cannot use JSX unless the '--jsx' flag is provided.
components/CarrotDashboard.tsx(1294,11): error TS17004: Cannot use JSX unless the '--jsx' flag is provided.
components/CarrotDashboard.tsx(1295,11): error TS17004: Cannot use JSX unless the '--jsx' flag is provided.
components/CarrotDashboard.tsx(1298,7): error TS17004: Cannot use JSX unless the '--jsx' flag is provided.
components/CarrotDashboard.tsx(1300,9): error TS17004: Cannot use JSX unless the '--jsx' flag is provided.
components/CarrotDashboard.tsx(1301,11): error TS17004: Cannot use JSX unless the '--jsx' flag is provided.
components/CarrotDashboard.tsx(1302,13): error TS17004: Cannot use JSX unless the '--jsx' flag is provided.
components/CarrotDashboard.tsx(1303,15): error TS17004: Cannot use JSX unless the '--jsx' flag is provided.
components/CarrotDashboard.tsx(1304,15): error TS17004: Cannot use JSX unless the '--jsx' flag is provided.
components/CarrotDashboard.tsx(1305,15): error TS17004: Cannot use JSX unless the '--jsx' flag is provided.
components/CarrotDashboard.tsx(1310,11): error TS17004: Cannot use JSX unless the '--jsx' flag is provided.
components/CarrotDashboard.tsx(1311,13): error TS17004: Cannot use JSX unless the '--jsx' flag is provided.
components/CarrotDashboard.tsx(1311,14): error TS2741: Property 'children' is missing in type '{ data: any[]; }' but required in type '{ data: any; children: React.ReactNode; }'.
components/CarrotDashboard.tsx(1312,13): error TS17004: Cannot use JSX unless the '--jsx' flag is provided.
components/CarrotDashboard.tsx(1313,15): error TS17004: Cannot use JSX unless the '--jsx' flag is provided.
components/CarrotDashboard.tsx(1315,17): error TS17004: Cannot use JSX unless the '--jsx' flag is provided.
components/CarrotDashboard.tsx(1316,17): error TS17004: Cannot use JSX unless the '--jsx' flag is provided.
components/CarrotDashboard.tsx(1317,17): error TS17004: Cannot use JSX unless the '--jsx' flag is provided.
components/CarrotDashboard.tsx(1317,43): error TS17004: Cannot use JSX unless the '--jsx' flag is provided.
components/CarrotDashboard.tsx(1318,17): error TS17004: Cannot use JSX unless the '--jsx' flag is provided.
components/CarrotDashboard.tsx(1319,17): error TS17004: Cannot use JSX unless the '--jsx' flag is provided.
components/CarrotDashboard.tsx(1320,17): error TS17004: Cannot use JSX unless the '--jsx' flag is provided.
components/CarrotDashboard.tsx(1321,17): error TS17004: Cannot use JSX unless the '--jsx' flag is provided.
components/CarrotDashboard.tsx(1322,17): error TS17004: Cannot use JSX unless the '--jsx' flag is provided.
components/CarrotDashboard.tsx(1327,11): error TS17004: Cannot use JSX unless the '--jsx' flag is provided.
components/CarrotDashboard.tsx(1328,13): error TS17004: Cannot use JSX unless the '--jsx' flag is provided.
components/CarrotDashboard.tsx(1337,9): error TS17004: Cannot use JSX unless the '--jsx' flag is provided.
components/CarrotDashboard.tsx(1338,11): error TS17004: Cannot use JSX unless the '--jsx' flag is provided.
components/CarrotDashboard.tsx(1339,13): error TS17004: Cannot use JSX unless the '--jsx' flag is provided.
components/CarrotDashboard.tsx(1340,15): error TS17004: Cannot use JSX unless the '--jsx' flag is provided.
components/CarrotDashboard.tsx(1341,15): error TS17004: Cannot use JSX unless the '--jsx' flag is provided.
components/CarrotDashboard.tsx(1342,15): error TS17004: Cannot use JSX unless the '--jsx' flag is provided.
components/CarrotDashboard.tsx(1343,17): error TS17004: Cannot use JSX unless the '--jsx' flag is provided.
components/CarrotDashboard.tsx(1348,11): error TS17004: Cannot use JSX unless the '--jsx' flag is provided.
components/CarrotDashboard.tsx(1349,13): error TS17004: Cannot use JSX unless the '--jsx' flag is provided.
components/CarrotDashboard.tsx(1349,14): error TS2741: Property 'children' is missing in type '{ data: any[]; }' but required in type '{ data: any; children: React.ReactNode; }'.
components/CarrotDashboard.tsx(1350,13): error TS17004: Cannot use JSX unless the '--jsx' flag is provided.
components/CarrotDashboard.tsx(1351,15): error TS17004: Cannot use JSX unless the '--jsx' flag is provided.
components/CarrotDashboard.tsx(1353,17): error TS17004: Cannot use JSX unless the '--jsx' flag is provided.
components/CarrotDashboard.tsx(1354,17): error TS17004: Cannot use JSX unless the '--jsx' flag is provided.
components/CarrotDashboard.tsx(1355,17): error TS17004: Cannot use JSX unless the '--jsx' flag is provided.
components/CarrotDashboard.tsx(1355,43): error TS17004: Cannot use JSX unless the '--jsx' flag is provided.
components/CarrotDashboard.tsx(1356,17): error TS17004: Cannot use JSX unless the '--jsx' flag is provided.
components/CarrotDashboard.tsx(1357,17): error TS17004: Cannot use JSX unless the '--jsx' flag is provided.
components/CarrotDashboard.tsx(1358,17): error TS17004: Cannot use JSX unless the '--jsx' flag is provided.
components/CarrotDashboard.tsx(1363,11): error TS17004: Cannot use JSX unless the '--jsx' flag is provided.
components/CarrotDashboard.tsx(1364,13): error TS17004: Cannot use JSX unless the '--jsx' flag is provided.
components/CarrotDashboard.tsx(1372,9): error TS17004: Cannot use JSX unless the '--jsx' flag is provided.
components/CarrotDashboard.tsx(1373,11): error TS17004: Cannot use JSX unless the '--jsx' flag is provided.
components/CarrotDashboard.tsx(1374,13): error TS17004: Cannot use JSX unless the '--jsx' flag is provided.
components/CarrotDashboard.tsx(1375,15): error TS17004: Cannot use JSX unless the '--jsx' flag is provided.
components/CarrotDashboard.tsx(1376,15): error TS17004: Cannot use JSX unless the '--jsx' flag is provided.
components/CarrotDashboard.tsx(1377,15): error TS17004: Cannot use JSX unless the '--jsx' flag is provided.
components/CarrotDashboard.tsx(1382,11): error TS17004: Cannot use JSX unless the '--jsx' flag is provided.
components/CarrotDashboard.tsx(1383,13): error TS17004: Cannot use JSX unless the '--jsx' flag is provided.
components/CarrotDashboard.tsx(1383,14): error TS2741: Property 'children' is missing in type '{ data: any[]; }' but required in type '{ data: any; children: React.ReactNode; }'.
components/CarrotDashboard.tsx(1384,13): error TS17004: Cannot use JSX unless the '--jsx' flag is provided.
components/CarrotDashboard.tsx(1385,15): error TS17004: Cannot use JSX unless the '--jsx' flag is provided.
components/CarrotDashboard.tsx(1386,17): error TS17004: Cannot use JSX unless the '--jsx' flag is provided.
components/CarrotDashboard.tsx(1387,17): error TS17004: Cannot use JSX unless the '--jsx' flag is provided.
components/CarrotDashboard.tsx(1388,17): error TS17004: Cannot use JSX unless the '--jsx' flag is provided.
components/CarrotDashboard.tsx(1389,17): error TS17004: Cannot use JSX unless the '--jsx' flag is provided.
components/CarrotDashboard.tsx(1389,43): error TS17004: Cannot use JSX unless the '--jsx' flag is provided.
components/CarrotDashboard.tsx(1390,17): error TS17004: Cannot use JSX unless the '--jsx' flag is provided.
components/CarrotDashboard.tsx(1391,17): error TS17004: Cannot use JSX unless the '--jsx' flag is provided.
components/CarrotDashboard.tsx(1392,17): error TS17004: Cannot use JSX unless the '--jsx' flag is provided.
components/CarrotDashboard.tsx(1397,11): error TS17004: Cannot use JSX unless the '--jsx' flag is provided.
components/CarrotDashboard.tsx(1398,13): error TS17004: Cannot use JSX unless the '--jsx' flag is provided.
components/CarrotDashboard.tsx(1406,9): error TS17004: Cannot use JSX unless the '--jsx' flag is provided.
components/CarrotDashboard.tsx(1407,11): error TS17004: Cannot use JSX unless the '--jsx' flag is provided.
components/CarrotDashboard.tsx(1408,13): error TS17004: Cannot use JSX unless the '--jsx' flag is provided.
components/CarrotDashboard.tsx(1409,15): error TS17004: Cannot use JSX unless the '--jsx' flag is provided.
components/CarrotDashboard.tsx(1410,15): error TS17004: Cannot use JSX unless the '--jsx' flag is provided.
components/CarrotDashboard.tsx(1411,15): error TS17004: Cannot use JSX unless the '--jsx' flag is provided.
components/CarrotDashboard.tsx(1416,11): error TS17004: Cannot use JSX unless the '--jsx' flag is provided.
components/CarrotDashboard.tsx(1417,13): error TS17004: Cannot use JSX unless the '--jsx' flag is provided.
components/CarrotDashboard.tsx(1417,14): error TS2741: Property 'children' is missing in type '{ data: any[]; }' but required in type '{ data: any; children: React.ReactNode; }'.
components/CarrotDashboard.tsx(1418,13): error TS17004: Cannot use JSX unless the '--jsx' flag is provided.
components/CarrotDashboard.tsx(1419,15): error TS17004: Cannot use JSX unless the '--jsx' flag is provided.
components/CarrotDashboard.tsx(1421,17): error TS17004: Cannot use JSX unless the '--jsx' flag is provided.
components/CarrotDashboard.tsx(1422,17): error TS17004: Cannot use JSX unless the '--jsx' flag is provided.
components/CarrotDashboard.tsx(1423,17): error TS17004: Cannot use JSX unless the '--jsx' flag is provided.
components/CarrotDashboard.tsx(1423,43): error TS17004: Cannot use JSX unless the '--jsx' flag is provided.
components/CarrotDashboard.tsx(1424,17): error TS17004: Cannot use JSX unless the '--jsx' flag is provided.
components/CarrotDashboard.tsx(1425,17): error TS17004: Cannot use JSX unless the '--jsx' flag is provided.
components/CarrotDashboard.tsx(1426,17): error TS17004: Cannot use JSX unless the '--jsx' flag is provided.
components/CarrotDashboard.tsx(1431,11): error TS17004: Cannot use JSX unless the '--jsx' flag is provided.
components/CarrotDashboard.tsx(1432,13): error TS17004: Cannot use JSX unless the '--jsx' flag is provided.
components/CarrotDashboard.tsx(1441,9): error TS17004: Cannot use JSX unless the '--jsx' flag is provided.
components/CarrotDashboard.tsx(1442,11): error TS17004: Cannot use JSX unless the '--jsx' flag is provided.
components/CarrotDashboard.tsx(1443,13): error TS17004: Cannot use JSX unless the '--jsx' flag is provided.
components/CarrotDashboard.tsx(1444,15): error TS17004: Cannot use JSX unless the '--jsx' flag is provided.
components/CarrotDashboard.tsx(1445,15): error TS17004: Cannot use JSX unless the '--jsx' flag is provided.
components/CarrotDashboard.tsx(1446,15): error TS17004: Cannot use JSX unless the '--jsx' flag is provided.
components/CarrotDashboard.tsx(1451,11): error TS17004: Cannot use JSX unless the '--jsx' flag is provided.
components/CarrotDashboard.tsx(1452,13): error TS17004: Cannot use JSX unless the '--jsx' flag is provided.
components/CarrotDashboard.tsx(1452,14): error TS2741: Property 'children' is missing in type '{ data: any[]; }' but required in type '{ data: any; children: React.ReactNode; }'.
components/CarrotDashboard.tsx(1453,13): error TS17004: Cannot use JSX unless the '--jsx' flag is provided.
components/CarrotDashboard.tsx(1454,15): error TS17004: Cannot use JSX unless the '--jsx' flag is provided.
components/CarrotDashboard.tsx(1456,17): error TS17004: Cannot use JSX unless the '--jsx' flag is provided.
components/CarrotDashboard.tsx(1457,17): error TS17004: Cannot use JSX unless the '--jsx' flag is provided.
components/CarrotDashboard.tsx(1458,17): error TS17004: Cannot use JSX unless the '--jsx' flag is provided.
components/CarrotDashboard.tsx(1459,17): error TS17004: Cannot use JSX unless the '--jsx' flag is provided.
components/CarrotDashboard.tsx(1459,43): error TS17004: Cannot use JSX unless the '--jsx' flag is provided.
components/CarrotDashboard.tsx(1460,17): error TS17004: Cannot use JSX unless the '--jsx' flag is provided.
components/CarrotDashboard.tsx(1461,17): error TS17004: Cannot use JSX unless the '--jsx' flag is provided.
components/CarrotDashboard.tsx(1462,17): error TS17004: Cannot use JSX unless the '--jsx' flag is provided.
components/CarrotDashboard.tsx(1463,17): error TS17004: Cannot use JSX unless the '--jsx' flag is provided.
components/CarrotDashboard.tsx(1468,11): error TS17004: Cannot use JSX unless the '--jsx' flag is provided.
components/CarrotDashboard.tsx(1469,13): error TS17004: Cannot use JSX unless the '--jsx' flag is provided.
components/CarrotDashboard.tsx(1478,9): error TS17004: Cannot use JSX unless the '--jsx' flag is provided.
components/CarrotDashboard.tsx(1479,11): error TS17004: Cannot use JSX unless the '--jsx' flag is provided.
components/CarrotDashboard.tsx(1480,13): error TS17004: Cannot use JSX unless the '--jsx' flag is provided.
components/CarrotDashboard.tsx(1481,15): error TS17004: Cannot use JSX unless the '--jsx' flag is provided.
components/CarrotDashboard.tsx(1482,15): error TS17004: Cannot use JSX unless the '--jsx' flag is provided.
components/CarrotDashboard.tsx(1483,15): error TS17004: Cannot use JSX unless the '--jsx' flag is provided.
components/CarrotDashboard.tsx(1484,17): error TS17004: Cannot use JSX unless the '--jsx' flag is provided.
components/CarrotDashboard.tsx(1489,11): error TS17004: Cannot use JSX unless the '--jsx' flag is provided.
components/CarrotDashboard.tsx(1490,13): error TS17004: Cannot use JSX unless the '--jsx' flag is provided.
components/CarrotDashboard.tsx(1490,14): error TS2741: Property 'children' is missing in type '{ data: any[]; }' but required in type '{ data: any; children: React.ReactNode; }'.
components/CarrotDashboard.tsx(1491,13): error TS17004: Cannot use JSX unless the '--jsx' flag is provided.
components/CarrotDashboard.tsx(1492,15): error TS17004: Cannot use JSX unless the '--jsx' flag is provided.
components/CarrotDashboard.tsx(1494,17): error TS17004: Cannot use JSX unless the '--jsx' flag is provided.
components/CarrotDashboard.tsx(1495,17): error TS17004: Cannot use JSX unless the '--jsx' flag is provided.
components/CarrotDashboard.tsx(1496,17): error TS17004: Cannot use JSX unless the '--jsx' flag is provided.
components/CarrotDashboard.tsx(1496,43): error TS17004: Cannot use JSX unless the '--jsx' flag is provided.
components/CarrotDashboard.tsx(1497,17): error TS17004: Cannot use JSX unless the '--jsx' flag is provided.
components/CarrotDashboard.tsx(1499,21): error TS17004: Cannot use JSX unless the '--jsx' flag is provided.
components/CarrotDashboard.tsx(1506,11): error TS17004: Cannot use JSX unless the '--jsx' flag is provided.
components/CarrotDashboard.tsx(1507,13): error TS17004: Cannot use JSX unless the '--jsx' flag is provided.
components/CarrotDashboard.tsx(1516,9): error TS17004: Cannot use JSX unless the '--jsx' flag is provided.
components/CarrotDashboard.tsx(1517,11): error TS17004: Cannot use JSX unless the '--jsx' flag is provided.
components/CarrotDashboard.tsx(1518,13): error TS17004: Cannot use JSX unless the '--jsx' flag is provided.
components/CarrotDashboard.tsx(1520,11): error TS17004: Cannot use JSX unless the '--jsx' flag is provided.
components/CarrotDashboard.tsx(1526,9): error TS17004: Cannot use JSX unless the '--jsx' flag is provided.
components/CarrotDashboard.tsx(1527,11): error TS17004: Cannot use JSX unless the '--jsx' flag is provided.
components/CarrotDashboard.tsx(1528,13): error TS17004: Cannot use JSX unless the '--jsx' flag is provided.
components/CarrotDashboard.tsx(1529,15): error TS17004: Cannot use JSX unless the '--jsx' flag is provided.
components/CarrotDashboard.tsx(1530,15): error TS17004: Cannot use JSX unless the '--jsx' flag is provided.
components/CarrotDashboard.tsx(1531,15): error TS17004: Cannot use JSX unless the '--jsx' flag is provided.
components/CarrotDashboard.tsx(1532,17): error TS17004: Cannot use JSX unless the '--jsx' flag is provided.
components/CarrotDashboard.tsx(1536,11): error TS17004: Cannot use JSX unless the '--jsx' flag is provided.
components/CarrotDashboard.tsx(1537,13): error TS17004: Cannot use JSX unless the '--jsx' flag is provided.
components/CarrotDashboard.tsx(1537,14): error TS2741: Property 'children' is missing in type '{ data: any[]; }' but required in type '{ data: any; children: React.ReactNode; }'.
components/CarrotDashboard.tsx(1538,13): error TS17004: Cannot use JSX unless the '--jsx' flag is provided.
components/CarrotDashboard.tsx(1539,15): error TS17004: Cannot use JSX unless the '--jsx' flag is provided.
components/CarrotDashboard.tsx(1541,17): error TS17004: Cannot use JSX unless the '--jsx' flag is provided.
components/CarrotDashboard.tsx(1542,17): error TS17004: Cannot use JSX unless the '--jsx' flag is provided.
components/CarrotDashboard.tsx(1543,17): error TS17004: Cannot use JSX unless the '--jsx' flag is provided.
components/CarrotDashboard.tsx(1543,43): error TS17004: Cannot use JSX unless the '--jsx' flag is provided.
components/CarrotDashboard.tsx(1544,17): error TS17004: Cannot use JSX unless the '--jsx' flag is provided.
components/CarrotDashboard.tsx(1545,17): error TS17004: Cannot use JSX unless the '--jsx' flag is provided.
components/CarrotDashboard.tsx(1546,17): error TS17004: Cannot use JSX unless the '--jsx' flag is provided.
components/CarrotDashboard.tsx(1547,17): error TS17004: Cannot use JSX unless the '--jsx' flag is provided.
components/CarrotDashboard.tsx(1548,17): error TS17004: Cannot use JSX unless the '--jsx' flag is provided.
components/CarrotDashboard.tsx(1549,17): error TS17004: Cannot use JSX unless the '--jsx' flag is provided.
components/CarrotDashboard.tsx(1550,17): error TS17004: Cannot use JSX unless the '--jsx' flag is provided.
components/CarrotDashboard.tsx(1555,11): error TS17004: Cannot use JSX unless the '--jsx' flag is provided.
components/CarrotDashboard.tsx(1556,13): error TS17004: Cannot use JSX unless the '--jsx' flag is provided.
components/CarrotDashboard.tsx(1565,9): error TS17004: Cannot use JSX unless the '--jsx' flag is provided.
components/CarrotDashboard.tsx(1566,11): error TS17004: Cannot use JSX unless the '--jsx' flag is provided.
components/CarrotDashboard.tsx(1567,13): error TS17004: Cannot use JSX unless the '--jsx' flag is provided.
components/CarrotDashboard.tsx(1568,15): error TS17004: Cannot use JSX unless the '--jsx' flag is provided.
components/CarrotDashboard.tsx(1569,15): error TS17004: Cannot use JSX unless the '--jsx' flag is provided.
components/CarrotDashboard.tsx(1570,15): error TS17004: Cannot use JSX unless the '--jsx' flag is provided.
components/CarrotDashboard.tsx(1571,17): error TS17004: Cannot use JSX unless the '--jsx' flag is provided.
components/CarrotDashboard.tsx(1575,11): error TS17004: Cannot use JSX unless the '--jsx' flag is provided.
components/CarrotDashboard.tsx(1576,13): error TS17004: Cannot use JSX unless the '--jsx' flag is provided.
components/CarrotDashboard.tsx(1576,14): error TS2741: Property 'children' is missing in type '{ data: any[]; }' but required in type '{ data: any; children: React.ReactNode; }'.
components/CarrotDashboard.tsx(1577,13): error TS17004: Cannot use JSX unless the '--jsx' flag is provided.
components/CarrotDashboard.tsx(1578,15): error TS17004: Cannot use JSX unless the '--jsx' flag is provided.
components/CarrotDashboard.tsx(1580,17): error TS17004: Cannot use JSX unless the '--jsx' flag is provided.
components/CarrotDashboard.tsx(1581,17): error TS17004: Cannot use JSX unless the '--jsx' flag is provided.
components/CarrotDashboard.tsx(1582,17): error TS17004: Cannot use JSX unless the '--jsx' flag is provided.
components/CarrotDashboard.tsx(1582,43): error TS17004: Cannot use JSX unless the '--jsx' flag is provided.
components/CarrotDashboard.tsx(1583,17): error TS17004: Cannot use JSX unless the '--jsx' flag is provided.
components/CarrotDashboard.tsx(1584,17): error TS17004: Cannot use JSX unless the '--jsx' flag is provided.
components/CarrotDashboard.tsx(1585,17): error TS17004: Cannot use JSX unless the '--jsx' flag is provided.
components/CarrotDashboard.tsx(1586,17): error TS17004: Cannot use JSX unless the '--jsx' flag is provided.
components/CarrotDashboard.tsx(1587,17): error TS17004: Cannot use JSX unless the '--jsx' flag is provided.
components/CarrotDashboard.tsx(1588,17): error TS17004: Cannot use JSX unless the '--jsx' flag is provided.
components/CarrotDashboard.tsx(1589,17): error TS17004: Cannot use JSX unless the '--jsx' flag is provided.
components/CarrotDashboard.tsx(1594,11): error TS17004: Cannot use JSX unless the '--jsx' flag is provided.
components/CarrotDashboard.tsx(1595,13): error TS17004: Cannot use JSX unless the '--jsx' flag is provided.
components/CarrotDashboard.tsx(1604,9): error TS17004: Cannot use JSX unless the '--jsx' flag is provided.
components/CarrotDashboard.tsx(1605,11): error TS17004: Cannot use JSX unless the '--jsx' flag is provided.
components/CarrotDashboard.tsx(1606,13): error TS17004: Cannot use JSX unless the '--jsx' flag is provided.
components/CarrotDashboard.tsx(1607,15): error TS17004: Cannot use JSX unless the '--jsx' flag is provided.
components/CarrotDashboard.tsx(1608,15): error TS17004: Cannot use JSX unless the '--jsx' flag is provided.
components/CarrotDashboard.tsx(1609,15): error TS17004: Cannot use JSX unless the '--jsx' flag is provided.
components/CarrotDashboard.tsx(1610,17): error TS17004: Cannot use JSX unless the '--jsx' flag is provided.
components/CarrotDashboard.tsx(1614,11): error TS17004: Cannot use JSX unless the '--jsx' flag is provided.
components/CarrotDashboard.tsx(1615,13): error TS17004: Cannot use JSX unless the '--jsx' flag is provided.
components/CarrotDashboard.tsx(1615,14): error TS2741: Property 'children' is missing in type '{ data: any[]; }' but required in type '{ data: any; children: React.ReactNode; }'.
components/CarrotDashboard.tsx(1616,13): error TS17004: Cannot use JSX unless the '--jsx' flag is provided.
components/CarrotDashboard.tsx(1617,15): error TS17004: Cannot use JSX unless the '--jsx' flag is provided.
components/CarrotDashboard.tsx(1619,17): error TS17004: Cannot use JSX unless the '--jsx' flag is provided.
components/CarrotDashboard.tsx(1620,17): error TS17004: Cannot use JSX unless the '--jsx' flag is provided.
components/CarrotDashboard.tsx(1621,17): error TS17004: Cannot use JSX unless the '--jsx' flag is provided.
components/CarrotDashboard.tsx(1621,43): error TS17004: Cannot use JSX unless the '--jsx' flag is provided.
components/CarrotDashboard.tsx(1622,17): error TS17004: Cannot use JSX unless the '--jsx' flag is provided.
components/CarrotDashboard.tsx(1623,17): error TS17004: Cannot use JSX unless the '--jsx' flag is provided.
components/CarrotDashboard.tsx(1624,17): error TS17004: Cannot use JSX unless the '--jsx' flag is provided.
components/CarrotDashboard.tsx(1625,17): error TS17004: Cannot use JSX unless the '--jsx' flag is provided.
components/CarrotDashboard.tsx(1626,17): error TS17004: Cannot use JSX unless the '--jsx' flag is provided.
components/CarrotDashboard.tsx(1627,17): error TS17004: Cannot use JSX unless the '--jsx' flag is provided.
components/CarrotDashboard.tsx(1632,11): error TS17004: Cannot use JSX unless the '--jsx' flag is provided.
components/CarrotDashboard.tsx(1633,13): error TS17004: Cannot use JSX unless the '--jsx' flag is provided.
components/CarrotDashboard.tsx(1642,9): error TS17004: Cannot use JSX unless the '--jsx' flag is provided.
components/CarrotDashboard.tsx(1643,11): error TS17004: Cannot use JSX unless the '--jsx' flag is provided.
components/CarrotDashboard.tsx(1644,13): error TS17004: Cannot use JSX unless the '--jsx' flag is provided.
components/CarrotDashboard.tsx(1645,15): error TS17004: Cannot use JSX unless the '--jsx' flag is provided.
components/CarrotDashboard.tsx(1646,15): error TS17004: Cannot use JSX unless the '--jsx' flag is provided.
components/CarrotDashboard.tsx(1647,15): error TS17004: Cannot use JSX unless the '--jsx' flag is provided.
components/CarrotDashboard.tsx(1648,17): error TS17004: Cannot use JSX unless the '--jsx' flag is provided.
components/CarrotDashboard.tsx(1652,11): error TS17004: Cannot use JSX unless the '--jsx' flag is provided.
components/CarrotDashboard.tsx(1653,13): error TS17004: Cannot use JSX unless the '--jsx' flag is provided.
components/CarrotDashboard.tsx(1653,14): error TS2741: Property 'children' is missing in type '{ data: any[]; }' but required in type '{ data: any; children: React.ReactNode; }'.
components/CarrotDashboard.tsx(1654,13): error TS17004: Cannot use JSX unless the '--jsx' flag is provided.
components/CarrotDashboard.tsx(1655,15): error TS17004: Cannot use JSX unless the '--jsx' flag is provided.
components/CarrotDashboard.tsx(1657,17): error TS17004: Cannot use JSX unless the '--jsx' flag is provided.
components/CarrotDashboard.tsx(1658,17): error TS17004: Cannot use JSX unless the '--jsx' flag is provided.
components/CarrotDashboard.tsx(1659,17): error TS17004: Cannot use JSX unless the '--jsx' flag is provided.
components/CarrotDashboard.tsx(1660,17): error TS17004: Cannot use JSX unless the '--jsx' flag is provided.
components/CarrotDashboard.tsx(1660,43): error TS17004: Cannot use JSX unless the '--jsx' flag is provided.
components/CarrotDashboard.tsx(1661,17): error TS17004: Cannot use JSX unless the '--jsx' flag is provided.
components/CarrotDashboard.tsx(1662,17): error TS17004: Cannot use JSX unless the '--jsx' flag is provided.
components/CarrotDashboard.tsx(1663,17): error TS17004: Cannot use JSX unless the '--jsx' flag is provided.
components/CarrotDashboard.tsx(1664,17): error TS17004: Cannot use JSX unless the '--jsx' flag is provided.
components/CarrotDashboard.tsx(1669,11): error TS17004: Cannot use JSX unless the '--jsx' flag is provided.
components/CarrotDashboard.tsx(1670,13): error TS17004: Cannot use JSX unless the '--jsx' flag is provided.
node_modules/react-countup/build/CountUp.d.ts(1,8): error TS1259: Module '"/Users/idong-geon/\u110B\u1167\u11AB\u1100\u116E\u110C\u1161\u1103\u1169\u11BC\u1112\u116A\u110B\u1162\u110B\u1175\u110C\u1165\u11AB\u1110\u1173\u1103\u1173\u11AF/tuna-dashboard/node_modules/@types/react/index"' can only be default-imported using the 'esModuleInterop' flag
node_modules/react-countup/build/useCountUp.d.ts(2,8): error TS1259: Module '"/Users/idong-geon/\u110B\u1167\u11AB\u1100\u116E\u110C\u1161\u1103\u1169\u11BC\u1112\u116A\u110B\u1162\u110B\u1175\u110C\u1165\u11AB\u1110\u1173\u1103\u1173\u11AF/tuna-dashboard/node_modules/@types/react/index"' can only be default-imported using the 'esModuleInterop' flag
