components/TunaRanching.tsx(131,6): error TS17008: JSX element 'div' has no corresponding closing tag.
components/TunaRanching.tsx(350,8): error TS17008: JSX element 'div' has no corresponding closing tag.
components/TunaRanching.tsx(362,8): error TS17008: JSX element 'div' has no corresponding closing tag.
components/TunaRanching.tsx(889,7): error TS1005: ')' expected.
components/TunaRanching.tsx(942,17): error TS1381: Unexpected token. Did you mean `{'}'}` or `&rbrace;`?
components/TunaRanching.tsx(972,21): error TS1381: Unexpected token. Did you mean `{'}'}` or `&rbrace;`?
components/TunaRanching.tsx(975,7): error TS1005: ')' expected.
components/TunaRanching.tsx(985,16): error TS1005: ')' expected.
components/TunaRanching.tsx(985,212): error TS1382: Unexpected token. Did you mean `{'>'}` or `&gt;`?
components/TunaRanching.tsx(1034,19): error TS1381: Unexpected token. Did you mean `{'}'}` or `&rbrace;`?
components/TunaRanching.tsx(1110,21): error TS1381: Unexpected token. Did you mean `{'}'}` or `&rbrace;`?
components/TunaRanching.tsx(1139,21): error TS1381: Unexpected token. Did you mean `{'}'}` or `&rbrace;`?
components/TunaRanching.tsx(1162,21): error TS1381: Unexpected token. Did you mean `{'}'}` or `&rbrace;`?
components/TunaRanching.tsx(1185,9): error TS1005: ')' expected.
components/TunaRanching.tsx(1188,7): error TS1005: ')' expected.
components/TunaRanching.tsx(1280,7): error TS1005: ')' expected.
components/TunaRanching.tsx(1280,9): error TS17015: Expected corresponding closing tag for JSX fragment.
components/TunaRanching.tsx(1280,12): error TS1382: Unexpected token. Did you mean `{'>'}` or `&gt;`?
components/TunaRanching.tsx(1293,1): error TS1381: Unexpected token. Did you mean `{'}'}` or `&rbrace;`?
components/TunaRanching.tsx(1294,1): error TS1005: '</' expected.
