Retrieving project…
Deploying cutekorea-3280s-projects/tuna-dashboard
Uploading [--------------------] (0.0B/370.1KB)
Uploading [=====---------------] (101.5KB/370.1KB)
Uploading [==========----------] (199.1KB/370.1KB)
Uploading [===============-----] (279.1KB/370.1KB)
Uploading [====================] (370.1KB/370.1KB)
Inspect: https://vercel.com/cutekorea-3280s-projects/tuna-dashboard/Bfcu8A5VVr3X64TKH7e1YzFF5mdV [5s]
Production: https://tuna-dashboard-pm3q76qf9-cutekorea-3280s-projects.vercel.app [5s]
https://tuna-dashboard-pm3q76qf9-cutekorea-3280s-projects.vercel.appBuilding...
Building...
Building: Running build in Washington, D.C., USA (East) – iad1
Building: Build machine configuration: 2 cores, 8 GB
Building: Retrieving list of deployment files...
Building: Downloading 1273 deployment files...
Building: Restored build cache from previous deployment (Bx4ycabPk1vYJYZtyPLe5BCMpNzT)
Building: Running "vercel build"
Building: Vercel CLI 51.6.1
Building: Installing dependencies...
Building: added 26 packages in 2s
Building: 158 packages are looking for funding
Building: run `npm fund` for details
Building: Detected Next.js version: 16.2.1
Building: Running "npm run build"
Building: > tuna-dashboard@0.1.0 build
Building: > next build
Building: Applying modifyConfig from Vercel
Building: ▲ Next.js 16.2.1 (Turbopack)
Building: Creating an optimized production build ...
Building: ✓ Compiled successfully in 25.7s
Building: Skipping validation of types
Building: Finished TypeScript config validation in 13ms ...
Building: Collecting page data using 1 worker ...
Building: Generating static pages using 1 worker (0/30) ...
Building: Generating static pages using 1 worker (7/30)
Building: Generating static pages using 1 worker (14/30)
Building: Generating static pages using 1 worker (22/30)
Building: ✓ Generating static pages using 1 worker (30/30) in 508ms
Building: Finalizing page optimization ...
Building: Running onBuildComplete from Vercel
Building: Route (app)                Revalidate  Expire
Building: ┌ ○ /
Building: ├ ○ /_not-found
Building: ├ ƒ /[category]
Building: ├ ○ /api/carrot/arbitrage          1h      1y
Building: ├ ƒ /api/carrot/fao
Building: ├ ƒ /api/carrot/kamis
Building: ├ ○ /api/carrot/trq                1h      1y
Building: ├ ○ /api/carrot/w1-spread          1h      1y
Building: ├ ○ /api/carrot/w20-phyto          1h      1y
Building: ├ ƒ /api/carrot/widget
Building: ├ ○ /api/cassava/cbot              1h      1y
Building: ├ ○ /api/cassava/dfi               1h      1y
Building: ├ ○ /api/cassava/noaa              1h      1y
Building: ├ ƒ /api/consignment
Building: ├ ƒ /api/dart-insight
Building: ├ ƒ /api/exchange
Building: ├ ƒ /api/financial-risk
Building: ├ ƒ /api/fishery
Building: ├ ƒ /api/garlic/widget
Building: ├ ƒ /api/mgo
Building: ├ ƒ /api/petfood
Building: ├ ƒ /api/salmon/kamis
Building: ├ ƒ /api/shrimp/customs
Building: ├ ƒ /api/shrimp/kamis
Building: ├ ƒ /api/shrimp/krungsri
Building: ├ ƒ /api/shrimp/macro
Building: ├ ○ /api/tuna                      5m      1y
Building: ├ ƒ /api/tuna-live
Building: ├ ƒ /api/tuna-ranching
Building: ├ ƒ /api/typhoon
Building: ├ ƒ /api/used-car
Building: ├ ○ /financial-risk
Building: └ ○ /management
Building: ○  (Static)   prerendered as static content
Building: ƒ  (Dynamic)  server-rendered on demand
Building: Build Completed in /vercel/output [32s]
Building: Deploying outputs...
Building: Deployment completed
Building: Creating build cache...
[2K[1A[2K[GProduction: https://tuna-dashboard-pm3q76qf9-cutekorea-3280s-projects.vercel.app [2m]
Completing...
Aliased: https://tuna-dashboard-kappa.vercel.app [2m]

Common next commands:
- `vercel inspect tuna-dashboard-pm3q76qf9-cutekorea-3280s-projects.vercel.app --logs`
- `vercel redeploy tuna-dashboard-pm3q76qf9-cutekorea-3280s-projects.vercel.app`
> Tip: Run `npx plugins add vercel/vercel-plugin` to enhance your agent experience
