Retrieving project…
Deploying cutekorea-3280s-projects/tuna-dashboard
Inspect: https://vercel.com/cutekorea-3280s-projects/tuna-dashboard/ApxsN2dH6Lh42oZifzZ1jkQTTuKB [2s]
Production: https://tuna-dashboard-bzgasyblp-cutekorea-3280s-projects.vercel.app [2s]
Building...
Building: Running build in Washington, D.C., USA (East) – iad1
Building: Build machine configuration: 2 cores, 8 GB
Building: Retrieving list of deployment files...
Building: Downloading 847 deployment files...
Building: Downloading 847 deployment files...
Building: Restored build cache from previous deployment (4bru1wEmwmZtewqhJYxSPxvxTt1M)
Building: Running "vercel build"
Building: Vercel CLI 51.6.1
Building: Installing dependencies...
Building: up to date in 2s
Building: 155 packages are looking for funding
Building: run `npm fund` for details
Building: Detected Next.js version: 16.2.1
Building: Running "npm run build"
Building: > tuna-dashboard@0.1.0 build
Building: > next build
Building: Applying modifyConfig from Vercel
Building: ▲ Next.js 16.2.1 (Turbopack)
Building: Creating an optimized production build ...
Building: ✓ Compiled successfully in 25.0s
Building: Skipping validation of types
Building: Finished TypeScript config validation in 23ms ...
Building: Collecting page data using 1 worker ...
Building: Generating static pages using 1 worker (0/24) ...
Building: Generating static pages using 1 worker (6/24)
Building: Generating static pages using 1 worker (12/24)
Building: Generating static pages using 1 worker (18/24)
Building: ✓ Generating static pages using 1 worker (24/24) in 417ms
Building: Finalizing page optimization ...
Building: Running onBuildComplete from Vercel
Building: Route (app)                Revalidate  Expire
Building: ┌ ○ /
Building: ├ ○ /_not-found
Building: ├ ƒ /[category]
Building: ├ ○ /api/carrot/arbitrage          1h      1y
Building: ├ ƒ /api/carrot/fao
Building: ├ ƒ /api/carrot/kamis
Building: ├ ○ /api/carrot/trq                1h      1y
Building: ├ ○ /api/carrot/w1-spread          1h      1y
Building: ├ ○ /api/carrot/w20-phyto          1h      1y
Building: ├ ƒ /api/carrot/widget
Building: ├ ○ /api/cassava/cbot              1h      1y
Building: ├ ○ /api/cassava/dfi               1h      1y
Building: ├ ○ /api/cassava/noaa              1h      1y
Building: ├ ƒ /api/consignment
Building: ├ ƒ /api/dart-insight
Building: ├ ƒ /api/exchange
Building: ├ ƒ /api/financial-risk
Building: ├ ƒ /api/fishery
Building: ├ ƒ /api/mgo
Building: ├ ƒ /api/salmon/kamis
Building: ├ ƒ /api/shrimp/customs
Building: ├ ƒ /api/shrimp/kamis
Building: ├ ƒ /api/shrimp/krungsri
Building: ├ ƒ /api/shrimp/macro
Building: ├ ƒ /api/typhoon
Building: ├ ○ /financial-risk
Building: └ ○ /management
Building: ○  (Static)   prerendered as static content
Building: ƒ  (Dynamic)  server-rendered on demand
Building: Build Completed in /vercel/output [30s]
Building: Deploying outputs...
Building: Deployment completed
Building: Creating build cache...
[2K[1A[2K[GProduction: https://tuna-dashboard-bzgasyblp-cutekorea-3280s-projects.vercel.app [2m]
Completing...
Aliased: https://tuna-dashboard-kappa.vercel.app [2m]
{
  "status": "ok",
  "deployment": {
    "id": "dpl_ApxsN2dH6Lh42oZifzZ1jkQTTuKB",
    "url": "https://tuna-dashboard-bzgasyblp-cutekorea-3280s-projects.vercel.app",
    "inspectorUrl": "https://vercel.com/cutekorea-3280s-projects/tuna-dashboard/ApxsN2dH6Lh42oZifzZ1jkQTTuKB",
    "readyState": "READY",
    "target": "production",
    "deploymentApiUrl": "https://api.vercel.com/v13/deployments/dpl_ApxsN2dH6Lh42oZifzZ1jkQTTuKB"
  },
  "message": "Deployment tuna-dashboard-bzgasyblp-cutekorea-3280s-projects.vercel.app ready.",
  "next": [
    {
      "command": "vercel inspect tuna-dashboard-bzgasyblp-cutekorea-3280s-projects.vercel.app",
      "when": "Inspect deployment"
    },
    {
      "command": "vercel deploy --prod",
      "when": "Promote to production"
    }
  ]
}
