Retrieving project…
Deploying cutekorea-3280s-projects/tuna-dashboard
Uploading [--------------------] (0.0B/69.2MB)
Uploading [=====---------------] (17.3MB/69.2MB)
Uploading [==========----------] (34.6MB/69.2MB)
Uploading [===============-----] (51.9MB/69.2MB)
Uploading [====================] (69.2MB/69.2MB)
Inspect: https://vercel.com/cutekorea-3280s-projects/tuna-dashboard/9iZDZSAe4noSjjrtYhthEqQmNCX1 [8s]
Production: https://tuna-dashboard-boqpc8m2p-cutekorea-3280s-projects.vercel.app [8s]
https://tuna-dashboard-boqpc8m2p-cutekorea-3280s-projects.vercel.appBuilding...
Building...
Building: Running build in Washington, D.C., USA (East) – iad1
Building: Build machine configuration: 2 cores, 8 GB
Building: Retrieving list of deployment files...
Building: Downloading 1441 deployment files...
Building: Restored build cache from previous deployment (76NUoMuLaiJTJm2ymYFi1FvP6ody)
Building: Running "vercel build"
Building: Vercel CLI 51.6.1
Building: Installing dependencies...
Building: up to date in 1s
Building: 155 packages are looking for funding
Building: run `npm fund` for details
Building: Detected Next.js version: 16.2.1
Building: Running "npm run build"
Building: > tuna-dashboard@0.1.0 build
Building: > next build
Building: Applying modifyConfig from Vercel
Building: ▲ Next.js 16.2.1 (Turbopack)
Building: Creating an optimized production build ...
Building: ✓ Compiled successfully in 24.3s
Building: Skipping validation of types
Building: Finished TypeScript config validation in 13ms ...
Building: Collecting page data using 1 worker ...
Building: Generating static pages using 1 worker (0/8) ...
Building: Generating static pages using 1 worker (2/8)
Building: Generating static pages using 1 worker (4/8)
Building: Generating static pages using 1 worker (6/8)
Building: ✓ Generating static pages using 1 worker (8/8) in 495ms
Building: Finalizing page optimization ...
Building: Running onBuildComplete from Vercel
Building: Route (app)
Building: ┌ ○ /
Building: ├ ○ /_not-found
Building: ├ ƒ /[category]
Building: ├ ƒ /api/dart-insight
Building: ├ ƒ /api/exchange
Building: ├ ƒ /api/financial-risk
Building: ├ ƒ /api/mgo
Building: ├ ƒ /api/typhoon
Building: ├ ○ /financial-risk
Building: └ ○ /management
Building: ○  (Static)   prerendered as static content
Building: ƒ  (Dynamic)  server-rendered on demand
Building: Build Completed in /vercel/output [29s]
Building: Deploying outputs...
[2K[1A[2K[GProduction: https://tuna-dashboard-boqpc8m2p-cutekorea-3280s-projects.vercel.app [2m]
Completing...

Common next commands:
- `vercel inspect tuna-dashboard-boqpc8m2p-cutekorea-3280s-projects.vercel.app --logs`
- `vercel redeploy tuna-dashboard-boqpc8m2p-cutekorea-3280s-projects.vercel.app`
> Tip: Run `npx plugins add vercel/vercel-plugin` to enhance your agent experience
