Retrieving project…
Deploying cutekorea-3280s-projects/tuna-dashboard
Uploading [--------------------] (0.0B/12.9KB)
Uploading [=====---------------] (3.6KB/12.9KB)
Uploading [=================---] (11.3KB/12.9KB)
Uploading [==================--] (11.9KB/12.9KB)
Uploading [====================] (12.9KB/12.9KB)
Inspect: https://vercel.com/cutekorea-3280s-projects/tuna-dashboard/5E5WV5eSxGbxNQpjwSjPqEzBxmRY [4s]
Production: https://tuna-dashboard-dldifs711-cutekorea-3280s-projects.vercel.app [4s]
Building...
Building...
Building: Running build in Washington, D.C., USA (East) – iad1
Building: Build machine configuration: 2 cores, 8 GB
Building: Retrieving list of deployment files...
Building: Downloading 828 deployment files...
Building: Restored build cache from previous deployment (HTSfiLEFFc8bPixj2mD2Zy5VMPcG)
Building: Running "vercel build"
Building: Vercel CLI 51.6.1
Building: Installing dependencies...
Building: up to date in 1s
Building: 155 packages are looking for funding
Building: run `npm fund` for details
Building: Detected Next.js version: 16.2.1
Building: Running "npm run build"
Building: > tuna-dashboard@0.1.0 build
Building: > next build
Building: Applying modifyConfig from Vercel
Building: ▲ Next.js 16.2.1 (Turbopack)
Building: Creating an optimized production build ...
Building: ✓ Compiled successfully in 25.4s
Building: Skipping validation of types
Building: Finished TypeScript config validation in 16ms ...
Building: Collecting page data using 1 worker ...
Building: Generating static pages using 1 worker (0/9) ...
Building: Generating static pages using 1 worker (2/9)
Building: Generating static pages using 1 worker (4/9)
Building: Generating static pages using 1 worker (6/9)
Building: ✓ Generating static pages using 1 worker (9/9) in 660ms
Building: Finalizing page optimization ...
Building: Running onBuildComplete from Vercel
Building: Route (app)
Building: ┌ ○ /
Building: ├ ○ /_not-found
Building: ├ ƒ /[category]
Building: ├ ƒ /api/consignment
Building: ├ ƒ /api/dart-insight
Building: ├ ƒ /api/exchange
Building: ├ ƒ /api/financial-risk
Building: ├ ƒ /api/fishery
Building: ├ ƒ /api/mgo
Building: ├ ƒ /api/typhoon
Building: ├ ○ /financial-risk
Building: └ ○ /management
Building: ○  (Static)   prerendered as static content
Building: ƒ  (Dynamic)  server-rendered on demand
Building: Build Completed in /vercel/output [31s]
Building: Deploying outputs...
[2K[1A[2K[GProduction: https://tuna-dashboard-dldifs711-cutekorea-3280s-projects.vercel.app [47s]
Completing...
Aliased: https://tuna-dashboard-kappa.vercel.app [47s]
{
  "status": "ok",
  "deployment": {
    "id": "dpl_5E5WV5eSxGbxNQpjwSjPqEzBxmRY",
    "url": "https://tuna-dashboard-dldifs711-cutekorea-3280s-projects.vercel.app",
    "inspectorUrl": "https://vercel.com/cutekorea-3280s-projects/tuna-dashboard/5E5WV5eSxGbxNQpjwSjPqEzBxmRY",
    "readyState": "READY",
    "target": "production",
    "deploymentApiUrl": "https://api.vercel.com/v13/deployments/dpl_5E5WV5eSxGbxNQpjwSjPqEzBxmRY"
  },
  "message": "Deployment tuna-dashboard-dldifs711-cutekorea-3280s-projects.vercel.app ready.",
  "next": [
    {
      "command": "vercel inspect tuna-dashboard-dldifs711-cutekorea-3280s-projects.vercel.app",
      "when": "Inspect deployment"
    },
    {
      "command": "vercel deploy --prod",
      "when": "Promote to production"
    }
  ]
}
