Retrieving project…
Deploying cutekorea-3280s-projects/tuna-dashboard
Inspect: https://vercel.com/cutekorea-3280s-projects/tuna-dashboard/9bfcje1GYRsM6uUb8eFZyP5ih3fW [4s]
Production: https://tuna-dashboard-7ceocwklh-cutekorea-3280s-projects.vercel.app [4s]
https://tuna-dashboard-7ceocwklh-cutekorea-3280s-projects.vercel.appBuilding...
Building...
Building: Running build in Washington, D.C., USA (East) – iad1
Building: Build machine configuration: 2 cores, 8 GB
Building: Retrieving list of deployment files...
Building: Downloading 4742 deployment files...
Building: Restored build cache from previous deployment (AhpbJFyrCmeen5nKzgXNEWESHHgG)
Building: Running "vercel build"
Building: Vercel CLI 51.6.1
Building: Installing dependencies...
Building: up to date in 2s
Building: 155 packages are looking for funding
Building: run `npm fund` for details
Building: Detected Next.js version: 16.2.1
Building: Running "npm run build"
Building: > tuna-dashboard@0.1.0 build
Building: > next build
Building: Applying modifyConfig from Vercel
Building: ▲ Next.js 16.2.1 (Turbopack)
Building: Creating an optimized production build ...
Building: > Build error occurred
Building: Error: Turbopack build failed with 1 errors:
Building: ./app/api/consignment/route.ts:2:1
Building: Module not found: Can't resolve '../../../data/위판장/fallback_consignment.json'
Building: 1 | import { NextResponse } from 'next/server';
Building: > 2 | import fallbackData from '../../../data/위판장/fallback_consignment.json';
Building: | ^^^^^^^^^^^^^^^^^^^^^^^^^^^^^^^^^^^^^^^^^^^^^^^^^^^^^^^^^^^^^^^^^^^^^^^^^^
Building: 3 |
Building: 4 | export const dynamic = 'force-dynamic';
Building: 5 | export const revalidate = 0;
Building: https://nextjs.org/docs/messages/module-not-found
Building: at <unknown> (./app/api/consignment/route.ts:2:1)
Building: at <unknown> (https://nextjs.org/docs/messages/module-not-found)
Building: Error: Command "npm run build" exited with 1
Error: Command "npm run build" exited with 1
