Retrieving project…
Deploying cutekorea-3280s-projects/tuna-dashboard
Uploading [--------------------] (0.0B/517.7KB)
Uploading [=====---------------] (134.5KB/517.7KB)
Uploading [==========----------] (258.8KB/517.7KB)
Uploading [===============-----] (402.8KB/517.7KB)
Uploading [====================] (517.7KB/517.7KB)
  Inspect     https://vercel.com/cutekorea-3280s-projects/tuna-dashboard/3u7su9j8VTLBVSGr6BfagyrGqF6r
▲ Production  https://tuna-dashboard-cf55q6e89-cutekorea-3280s-projects.vercel.app
Building…
Building…
Running build in Washington, D.C., USA (East) – iad1
Build machine configuration: 2 cores, 8 GB
Retrieving list of deployment files...
Downloading 1641 deployment files...
Restored build cache from previous deployment (7FwDfqoPoRejWyfquBg5kX9vjdmP)
Running "vercel build"
Vercel CLI 54.2.0
Installing dependencies...
up to date in 1s
158 packages are looking for funding
run `npm fund` for details
Detected Next.js version: 16.2.1
Running "npm run build"
> tuna-dashboard@0.1.0 build
> next build
Applying modifyConfig from Vercel
▲ Next.js 16.2.1 (Turbopack)
Creating an optimized production build ...
✓ Compiled successfully in 31.0s
Skipping validation of types
Finished TypeScript config validation in 28ms ...
Collecting page data using 1 worker ...
Generating static pages using 1 worker (0/112) ...
Generating static pages using 1 worker (28/112)
Generating static pages using 1 worker (56/112)
Generating static pages using 1 worker (84/112)
The width(-1) and height(-1) of chart should be greater than 0,
please check the style of container, or the props width(100%) and height(100%),
or add a minWidth(0) or minHeight(undefined) or use aspect(undefined) to control the
height and width.
The width(-1) and height(-1) of chart should be greater than 0,
please check the style of container, or the props width(100%) and height(100%),
or add a minWidth(0) or minHeight(undefined) or use aspect(undefined) to control the
height and width.
✓ Generating static pages using 1 worker (112/112) in 6.0s
Finalizing page optimization ...
Running onBuildComplete from Vercel
Route (app)                         Revalidate  Expire
┌ ○ /
├ ○ /_not-found
├ ƒ /[category]
├ ƒ /api/carrot/arbitrage
├ ○ /api/carrot/dashboard                   1h      1y
├ ƒ /api/carrot/fao
├ ƒ /api/carrot/kamis
├ ƒ /api/carrot/trq
├ ƒ /api/carrot/w1-spread
├ ○ /api/carrot/w20-phyto                   1h      1y
├ ƒ /api/cashew
├ ƒ /api/cassava
├ ƒ /api/cassava/arbitrage
├ ○ /api/cassava/cbot                       1h      1y
├ ○ /api/cassava/dfi                        1h      1y
├ ƒ /api/cassava/early-warning
├ ƒ /api/cassava/esg
├ ○ /api/cassava/noaa                       1h      1y
├ ƒ /api/chicken/arbitrage
├ ƒ /api/chicken/corporates
├ ƒ /api/chicken/eggs
├ ƒ /api/chicken/eudr-esg
├ ƒ /api/chicken/feed-cost
├ ƒ /api/chicken/global-export
├ ƒ /api/chicken/global-production
├ ƒ /api/chicken/parts
├ ƒ /api/chicken/processing
├ ƒ /api/chicken/risk-radar
├ ƒ /api/chicken/trade-shift
├ ƒ /api/cocoa/dashboard
├ ƒ /api/cold-storage/widget
├ ƒ /api/compliance
├ ƒ /api/comtrade
├ ƒ /api/consignment
├ ƒ /api/dart-insight
├ ƒ /api/eurostat
├ ƒ /api/exchange
├ ƒ /api/financial-risk
├ ƒ /api/fishery
├ ƒ /api/galchi/comtrade
├ ƒ /api/galchi/hsping
├ ƒ /api/galchi/importyeti
├ ƒ /api/galchi/intel
├ ƒ /api/galchi/kamis
├ ƒ /api/galchi/kcs
├ ƒ /api/galchi/kosis
├ ƒ /api/galchi/mfds
├ ƒ /api/galchi/noaa
├ ƒ /api/galchi/oec
├ ƒ /api/galchi/ofac
├ ƒ /api/galchi/osh
├ ƒ /api/galchi/tariffs
├ ƒ /api/galchi/wto
├ ƒ /api/garlic/widget
├ ƒ /api/generate-rfq
├ ƒ /api/hermes
├ ƒ /api/hs-ping
├ ƒ /api/import-yeti
├ ƒ /api/jukkumi-intelligence
├ ƒ /api/landed-cost
├ ƒ /api/logistics/congestion
├ ƒ /api/logistics/freight
├ ƒ /api/logistics/trader-import
├ ƒ /api/mackerel-comtrade
├ ○ /api/mackerel-kcs                       5m      1y
├ ○ /api/mackerel-ticker                    5m      1y
├ ƒ /api/macro-environment
├ ƒ /api/mangosteen/dashboard
├ ƒ /api/mgo
├ ƒ /api/mof-fishery
├ ƒ /api/oec
├ ƒ /api/osh
├ ƒ /api/petfood
├ ƒ /api/pollock-forecast
├ ƒ /api/pollock-kcs
├ ƒ /api/pollock-landed-cost
├ ƒ /api/pollock-policy-risk
├ ƒ /api/pollock-supply-chain
├ ƒ /api/research
├ ƒ /api/risk-radar
├ ƒ /api/salmon/comtrade
├ ƒ /api/salmon/kamis
├ ƒ /api/salmon/kcs
├ ƒ /api/shrimp/compliance
├ ƒ /api/shrimp/customs
├ ƒ /api/shrimp/emerging-markets
├ ƒ /api/shrimp/esg-radar
├ ƒ /api/shrimp/forecast
├ ƒ /api/shrimp/kamis
├ ƒ /api/shrimp/krungsri
├ ƒ /api/shrimp/macro
├ ƒ /api/shrimp/sourcing-sim
├ ƒ /api/squid/hsping
├ ƒ /api/squid/importyeti
├ ƒ /api/squid/kosis
├ ƒ /api/squid/mfds
├ ƒ /api/squid/ofac
├ ƒ /api/squid/squid-forecast
├ ƒ /api/squid/squid-sourcing
├ ƒ /api/squid/wto
├ ƒ /api/tariffs
├ ƒ /api/trade-macro
├ ○ /api/tuna                               5m      1y
├ ƒ /api/tuna-emerging-markets
├ ƒ /api/tuna-extract
├ ƒ /api/tuna-forecast
├ ƒ /api/tuna-live
├ ƒ /api/tuna-policy-risk
├ ƒ /api/tuna-ranching
├ ƒ /api/tuna/test-proxy
├ ○ /api/tuna/ticker                        5m      1y
├ ƒ /api/typhoon
├ ƒ /api/us-census
├ ƒ /api/us-ita
├ ƒ /api/used-car
├ ƒ /api/whelk/live
├ ƒ /api/wits
├ ƒ /api/wto
├ ○ /falkland
├ ○ /financial-risk
├ ○ /management
└ ○ /manual
○  (Static)   prerendered as static content
ƒ  (Dynamic)  server-rendered on demand
Build Completed in /vercel/output [42s]
Deploying outputs...
Deployment completed
Creating build cache...
[2K[1A[2K[G▲ Production  https://tuna-dashboard-cf55q6e89-cutekorea-3280s-projects.vercel.app
Completing…
▲ Aliased     https://leedonggun.co.kr
{
  "status": "ok",
  "deployment": {
    "id": "dpl_3u7su9j8VTLBVSGr6BfagyrGqF6r",
    "url": "https://tuna-dashboard-cf55q6e89-cutekorea-3280s-projects.vercel.app",
    "inspectorUrl": "https://vercel.com/cutekorea-3280s-projects/tuna-dashboard/3u7su9j8VTLBVSGr6BfagyrGqF6r",
    "readyState": "READY",
    "target": "production",
    "deploymentApiUrl": "https://api.vercel.com/v13/deployments/dpl_3u7su9j8VTLBVSGr6BfagyrGqF6r"
  },
  "message": "Deployment tuna-dashboard-cf55q6e89-cutekorea-3280s-projects.vercel.app ready.",
  "next": [
    {
      "command": "vercel inspect tuna-dashboard-cf55q6e89-cutekorea-3280s-projects.vercel.app",
      "when": "Inspect deployment"
    },
    {
      "command": "vercel deploy --prod",
      "when": "Promote to production"
    }
  ]
}
