Retrieving project…
Deploying cutekorea-3280s-projects/tuna-dashboard
  Inspect     https://vercel.com/cutekorea-3280s-projects/tuna-dashboard/9K3aJDbN2Fim6jXymqDehyRNKh4v
▲ Production  https://tuna-dashboard-c163mnl29-cutekorea-3280s-projects.vercel.app
Building…
Building…
[2K[1A[2K[G▲ Production  https://tuna-dashboard-c163mnl29-cutekorea-3280s-projects.vercel.app
Completing…
▲ Aliased     https://leedonggun.co.kr
{
  "status": "ok",
  "deployment": {
    "id": "dpl_9K3aJDbN2Fim6jXymqDehyRNKh4v",
    "url": "https://tuna-dashboard-c163mnl29-cutekorea-3280s-projects.vercel.app",
    "inspectorUrl": "https://vercel.com/cutekorea-3280s-projects/tuna-dashboard/9K3aJDbN2Fim6jXymqDehyRNKh4v",
    "readyState": "READY",
    "target": "production",
    "deploymentApiUrl": "https://api.vercel.com/v13/deployments/dpl_9K3aJDbN2Fim6jXymqDehyRNKh4v"
  },
  "message": "Deployment tuna-dashboard-c163mnl29-cutekorea-3280s-projects.vercel.app ready.",
  "next": [
    {
      "command": "vercel inspect tuna-dashboard-c163mnl29-cutekorea-3280s-projects.vercel.app",
      "when": "Inspect deployment"
    },
    {
      "command": "vercel deploy --prod",
      "when": "Promote to production"
    }
  ]
}
