{
  "status": "ok",
  "deployment": {
    "id": "dpl_HWT7Bo6WTX4F2dyBSFcEEPHGBNUo",
    "url": "https://tuna-dashboard-i5tjz8jhx-cutekorea-3280s-projects.vercel.app",
    "inspectorUrl": "https://vercel.com/cutekorea-3280s-projects/tuna-dashboard/HWT7Bo6WTX4F2dyBSFcEEPHGBNUo",
    "readyState": "READY",
    "target": "production",
    "deploymentApiUrl": "https://api.vercel.com/v13/deployments/dpl_HWT7Bo6WTX4F2dyBSFcEEPHGBNUo"
  },
  "message": "Deployment tuna-dashboard-i5tjz8jhx-cutekorea-3280s-projects.vercel.app ready.",
  "next": [
    {
      "command": "vercel inspect tuna-dashboard-i5tjz8jhx-cutekorea-3280s-projects.vercel.app",
      "when": "Inspect deployment"
    },
    {
      "command": "vercel deploy --prod",
      "when": "Promote to production"
    }
  ]
}
