Retrieving project…
Deploying cutekorea-3280s-projects/tuna-dashboard
Uploading [--------------------] (0.0B/128.8KB)
Uploading [=======-------------] (48.0KB/128.8KB)
Uploading [============--------] (80.0KB/128.8KB)
Uploading [=================---] (112.0KB/128.8KB)
Uploading [====================] (128.8KB/128.8KB)
Inspect: https://vercel.com/cutekorea-3280s-projects/tuna-dashboard/GTtBHR2LNjiBLiPvXPQNiVQtmwBo [4s]
Production: https://tuna-dashboard-ezzm9aepq-cutekorea-3280s-projects.vercel.app [4s]
Building...
Building...
Building: Running build in Washington, D.C., USA (East) – iad1
Building: Build machine configuration: 2 cores, 8 GB
Building: Retrieving list of deployment files...
Building: Downloading 839 deployment files...
Building: Restored build cache from previous deployment (B57U7vdswDJztgXm5jhvG3RPRbNz)
Building: Running "vercel build"
Building: Vercel CLI 51.6.1
Building: Installing dependencies...
Building: up to date in 1s
Building: 155 packages are looking for funding
Building: run `npm fund` for details
Building: Detected Next.js version: 16.2.1
Building: Running "npm run build"
Building: > tuna-dashboard@0.1.0 build
Building: > next build
Building: Applying modifyConfig from Vercel
Building: ▲ Next.js 16.2.1 (Turbopack)
Building: Creating an optimized production build ...
Building: ✓ Compiled successfully in 24.2s
Building: Skipping validation of types
Building: Finished TypeScript config validation in 16ms ...
Building: Collecting page data using 1 worker ...
Building: Generating static pages using 1 worker (0/19) ...
Building: Generating static pages using 1 worker (4/19)
Building: Generating static pages using 1 worker (9/19)
Building: Generating static pages using 1 worker (14/19)
Building: ✓ Generating static pages using 1 worker (19/19) in 405ms
Building: Finalizing page optimization ...
Building: Running onBuildComplete from Vercel
Building: Route (app)                Revalidate  Expire
Building: ┌ ○ /
Building: ├ ○ /_not-found
Building: ├ ƒ /[category]
Building: ├ ○ /api/carrot/arbitrage          1h      1y
Building: ├ ƒ /api/carrot/fao
Building: ├ ƒ /api/carrot/kamis
Building: ├ ○ /api/carrot/trq                1h      1y
Building: ├ ○ /api/carrot/w1-spread          1h      1y
Building: ├ ○ /api/carrot/w20-phyto          1h      1y
Building: ├ ƒ /api/carrot/widget
Building: ├ ○ /api/cassava/cbot              1h      1y
Building: ├ ○ /api/cassava/dfi               1h      1y
Building: ├ ○ /api/cassava/noaa              1h      1y
Building: ├ ƒ /api/consignment
Building: ├ ƒ /api/dart-insight
Building: ├ ƒ /api/exchange
Building: ├ ƒ /api/financial-risk
Building: ├ ƒ /api/fishery
Building: ├ ƒ /api/mgo
Building: ├ ƒ /api/typhoon
Building: ├ ○ /financial-risk
Building: └ ○ /management
Building: ○  (Static)   prerendered as static content
Building: ƒ  (Dynamic)  server-rendered on demand
Building: Build Completed in /vercel/output [29s]
Building: Deploying outputs...
[2K[1A[2K[GProduction: https://tuna-dashboard-ezzm9aepq-cutekorea-3280s-projects.vercel.app [47s]
Completing...
Aliased: https://tuna-dashboard-kappa.vercel.app [47s]
{
  "status": "ok",
  "deployment": {
    "id": "dpl_GTtBHR2LNjiBLiPvXPQNiVQtmwBo",
    "url": "https://tuna-dashboard-ezzm9aepq-cutekorea-3280s-projects.vercel.app",
    "inspectorUrl": "https://vercel.com/cutekorea-3280s-projects/tuna-dashboard/GTtBHR2LNjiBLiPvXPQNiVQtmwBo",
    "readyState": "READY",
    "target": "production",
    "deploymentApiUrl": "https://api.vercel.com/v13/deployments/dpl_GTtBHR2LNjiBLiPvXPQNiVQtmwBo"
  },
  "message": "Deployment tuna-dashboard-ezzm9aepq-cutekorea-3280s-projects.vercel.app ready.",
  "next": [
    {
      "command": "vercel inspect tuna-dashboard-ezzm9aepq-cutekorea-3280s-projects.vercel.app",
      "when": "Inspect deployment"
    },
    {
      "command": "vercel deploy --prod",
      "when": "Promote to production"
    }
  ]
}
