// Vitest Snapshot v1, https://vitest.dev/guide/snapshot.html

exports[`widget render snapshots > keeps 25 representative WidgetCard shells stable 1`] = `
{
  "cardIds": [
    "tuna-supply",
    "tuna-processing",
    "tuna-logistics",
    "tuna-demand",
    "tuna-esg",
    "salmon-supply",
    "salmon-processing",
    "salmon-logistics",
    "salmon-demand",
    "salmon-esg",
    "mackerel-supply",
    "mackerel-processing",
    "mackerel-logistics",
    "mackerel-demand",
    "mackerel-esg",
    "squid-supply",
    "squid-processing",
    "squid-logistics",
    "squid-demand",
    "shrimp-supply",
    "shrimp-processing",
    "shrimp-logistics",
    "shrimp-demand",
    "shrimp-esg",
    "agri-supply",
  ],
  "hash": "60caf2a981693e8d2be4276b8a840c36eaa6701270bf87b6759553e4e3170ec7",
  "pillars": [
    "S1",
    "S2",
    "S3",
    "S4",
    "S5",
    "S1",
    "S2",
    "S3",
    "S4",
    "S5",
    "S1",
    "S2",
    "S3",
    "S4",
    "S5",
    "S1",
    "S2",
    "S3",
    "S4",
    "S1",
    "S2",
    "S3",
    "S4",
    "S5",
    "S1",
  ],
  "sampleText": {
    "firstTitle": true,
    "lastTitle": true,
    "takeawaySentence": true,
  },
  "statusCounts": {
    "LIVE": 4,
    "STATIC": 11,
    "SYNCED": 10,
  },
  "structureCounts": {
    "actionBlocks": 25,
    "bodySlots": 25,
    "cards": 25,
    "kpiBoxes": 50,
    "situationBlocks": 25,
    "sourceBlocks": 25,
  },
}
`;

exports[`widget render snapshots > keeps telemetry badge status markup stable 1`] = `
{
  "hash": "02faefbcd347e6961bd62cb5bf25cfe68cd2dc0d34d5e0171e92fd044308749a",
  "showsLiveSyncDate": false,
  "showsStaticSyncDate": true,
  "showsSyncedSyncDate": true,
  "statuses": {
    "LIVE": 1,
    "STATIC": 1,
    "SYNCED": 1,
  },
}
`;
