// Vitest Snapshot v1, https://vitest.dev/guide/snapshot.html

exports[`widget render snapshots > keeps 25 representative WidgetCard shells stable 1`] = `
{
  "cardIds": [
    "tuna-supply",
    "tuna-processing",
    "tuna-logistics",
    "tuna-demand",
    "tuna-esg",
    "salmon-supply",
    "salmon-processing",
    "salmon-logistics",
    "salmon-demand",
    "salmon-esg",
    "mackerel-supply",
    "mackerel-processing",
    "mackerel-logistics",
    "mackerel-demand",
    "mackerel-esg",
    "squid-supply",
    "squid-processing",
    "squid-logistics",
    "squid-demand",
    "shrimp-supply",
    "shrimp-processing",
    "shrimp-logistics",
    "shrimp-demand",
    "shrimp-esg",
    "agri-supply",
  ],
  "hash": "2d8029904b78026f271a944573e45c1a848a6f0dc16b6ca009bd05f874dfac70",
  "pillars": [
    "S1",
    "S2",
    "S3",
    "S4",
    "S5",
    "S1",
    "S2",
    "S3",
    "S4",
    "S5",
    "S1",
    "S2",
    "S3",
    "S4",
    "S5",
    "S1",
    "S2",
    "S3",
    "S4",
    "S1",
    "S2",
    "S3",
    "S4",
    "S5",
    "S1",
  ],
  "sampleText": {
    "firstTitle": true,
    "lastTitle": true,
    "takeawaySentence": true,
  },
  "statusCounts": {
    "LIVE": 4,
    "STATIC": 11,
    "SYNCED": 10,
  },
  "structureCounts": {
    "actionBlocks": 25,
    "bodySlots": 25,
    "cards": 25,
    "kpiBoxes": 50,
    "situationBlocks": 25,
    "sourceBlocks": 25,
  },
}
`;

exports[`widget render snapshots > keeps telemetry badge status markup stable 1`] = `
{
  "hash": "df17f5844108af2db4e994257980c15a4babfc4652efc60e86448193be9045ff",
  "showsLiveSyncDate": false,
  "showsStaticSyncDate": true,
  "showsSyncedSyncDate": true,
  "statuses": {
    "LIVE": 1,
    "STATIC": 1,
    "SYNCED": 1,
  },
}
`;
