2026-05-01 22:49:31 [STEP0] 폴더 구조 생성
2026-05-01 22:49:31 [STEP0] 완료: /Users/idong-geon/agri_data/carrots
2026-05-01 22:49:31 [STEP1] === FAOSTAT 시작 ===
2026-05-01 22:49:31 [DOWNLOAD] QCL (생산·면적·단수)
2026-05-01 22:49:34 [DOWNLOAD] QCL: OK (32.4MB)
2026-05-01 22:49:39 [FILTER] QCL: 26797행, 176개국, 1961~2024
2026-05-01 22:49:39 [DOWNLOAD] QI (생산 지수)
2026-05-01 22:49:42 [DOWNLOAD] QI: OK (15.4MB)
2026-05-01 22:49:45 [FILTER] QI: 16034행, 161개국, 1961~2024
2026-05-01 22:49:45 [DOWNLOAD] QV (생산 가치)
2026-05-01 22:49:48 [DOWNLOAD] QV: OK (29.5MB)
2026-05-01 22:49:54 [FILTER] QV: 28164행, 176개국, 1961~2024
2026-05-01 22:49:54 [DOWNLOAD] TCL (무역(국가))
2026-05-01 22:50:03 [DOWNLOAD] TCL: OK (264.9MB)
2026-05-01 22:50:30 [FILTER] TCL: 38161행, 273개국, 1961~2024
2026-05-01 22:50:30 [DOWNLOAD] TM (양자 무역)
2026-05-01 22:50:45 [DOWNLOAD] TM: OK (401.2MB)
2026-05-01 22:52:09 [FILTER] TM: 115464행, 189개국, 1986~2024
2026-05-01 22:52:09 [DOWNLOAD] PP (생산자 가격)
2026-05-01 22:52:11 [DOWNLOAD] PP: OK (11.1MB)
2026-05-01 22:52:13 [FILTER] PP: 20478행, 120개국, 1991~2025
2026-05-01 22:52:13 [DOWNLOAD] FBS (식량수급표 2010~)
2026-05-01 22:52:16 [DOWNLOAD] FBS: OK (52.3MB)
2026-05-01 22:52:23 [FILTER] FBS: 직접 매칭 0행
2026-05-01 22:52:23 [FILTER] FBS_aggregate: 86060행
2026-05-01 22:52:23 [DOWNLOAD] FBSH (식량수급표 ~2013)
2026-05-01 22:52:27 [DOWNLOAD] FBSH: OK (69.1MB)
2026-05-01 22:52:43 [FILTER] FBSH: 직접 매칭 0행
2026-05-01 22:52:44 [FILTER] FBSH_aggregate: 209686행
2026-05-01 22:52:44 [DOWNLOAD] SCL (공급-이용 계정)
2026-05-01 22:52:48 [DOWNLOAD] SCL: OK (85.3MB)
2026-05-01 22:53:05 [FILTER] SCL: 36961행, 213개국, 2010~2023
2026-05-01 22:53:05 [DOWNLOAD] FO (산림(해당시만))
2026-05-01 22:53:06 [DOWNLOAD] FO: SKIP (HTTP 403, 111B)
2026-05-01 22:53:06 [SANITY] 2024년 생산 Top 5:
2026-05-01 22:53:06   1. China, mainland: 19,040,468 tonnes
2026-05-01 22:53:06   2. Uzbekistan: 3,566,931 tonnes
2026-05-01 22:53:06   3. India: 2,776,332 tonnes
2026-05-01 22:53:06   4. Russian Federation: 1,383,155 tonnes
2026-05-01 22:53:06   5. United States of America: 1,123,322 tonnes
2026-05-01 22:53:06 [STEP1] === FAOSTAT 완료 ===
2026-05-01 22:53:06 [STEP2] === USDA PSD 시작 ===
2026-05-01 22:53:06 [STEP2] PSD 사전 스크리닝: 해당 품목군 미수록 → 스킵
2026-05-01 22:53:06 [STEP2] NOT_AVAILABLE.txt 생성
2026-05-01 22:53:06 [STEP2] === USDA PSD 완료 ===
2026-05-01 22:53:06 [STEP3] === World Bank 시작 ===
2026-05-01 22:53:06 [WB] Indicators 검색
2026-05-01 22:53:06 [WB] 직접 매칭: 0건
2026-05-01 22:53:06 [WB] 표준 농업 지표 다운로드
2026-05-01 22:53:06 [WB] AG.PRD.CROP.XD: 13766행
2026-05-01 22:53:06 [WB] AG.PRD.FOOD.XD: 13767행
2026-05-01 22:53:06 [WB] AG.LND.AGRI.ZS: 15097행
2026-05-01 22:53:07 [WB] AG.LND.ARBL.HA: 11871행
2026-05-01 22:53:07 [WB] TX.VAL.AGRI.ZS.UN: 9893행
2026-05-01 22:53:07 [WB] TM.VAL.AGRI.ZS.UN: 9965행
2026-05-01 22:53:07 [WB] Pink Sheet 확인
2026-05-01 22:53:07 [WB] Pink Sheet 미수록 → NOT_AVAILABLE.txt
2026-05-01 22:53:07 [STEP3] === World Bank 완료 ===
2026-05-01 22:53:07 [STEP4] README.md 생성
2026-05-01 22:53:07 [STEP4] README.md 생성 완료
2026-05-01 22:53:07 [COMPLETE] 당근(Carrots) 전체 수집 완료
2026-05-01 22:53:07 [COMPLETE] 폴더: /Users/idong-geon/agri_data/carrots
